14:59:46 **** Incremental Build of configuration Release for project backlitLCD_Demo ****
make all 
make: Nothing to be done for `all'.
15:00:07 **** Incremental Build of configuration Release for project backlitLCD_Demo ****
make all 
make: Nothing to be done for `all'.
15:01:26 **** Auto Build of project backlitLCD_Demo_bsp ****
make -k all 
Running Make include in microblaze_0/libsrc/bram_v4_0/src
make -C microblaze_0/libsrc/bram_v4_0/src -s include -e "SHELL=/bin/sh" "COMPILER=mb-gcc" "ARCHIVER=mb-ar" "COMPILER_FLAGS= -O2 -c -mcpu=v9.3 -mlittle-endian -mxl-soft-mul" "EXTRA_COMPILER_FLAGS=-g -ffunction-sections -fdata-sections"
Running Make include in microblaze_0/libsrc/cpu_v2_0/src
make -C microblaze_0/libsrc/cpu_v2_0/src -s include -e "SHELL=/bin/sh" "COMPILER=mb-gcc" "ARCHIVER=mb-ar" "COMPILER_FLAGS= -O2 -c -mcpu=v9.3 -mlittle-endian -mxl-soft-mul" "EXTRA_COMPILER_FLAGS=-g -ffunction-sections -fdata-sections"
Running Make include in microblaze_0/libsrc/intc_v3_0/src
make -C microblaze_0/libsrc/intc_v3_0/src -s include -e "SHELL=/bin/sh" "COMPILER=mb-gcc" "ARCHIVER=mb-ar" "COMPILER_FLAGS= -O2 -c -mcpu=v9.3 -mlittle-endian -mxl-soft-mul" "EXTRA_COMPILER_FLAGS=-g -ffunction-sections -fdata-sections"
Running Make include in microblaze_0/libsrc/standalone_v4_0/src
make -C microblaze_0/libsrc/standalone_v4_0/src -s include -e "SHELL=/bin/sh" "COMPILER=mb-gcc" "ARCHIVER=mb-ar" "COMPILER_FLAGS= -O2 -c -mcpu=v9.3 -mlittle-endian -mxl-soft-mul" "EXTRA_COMPILER_FLAGS=-g -ffunction-sections -fdata-sections"
make[2]: Entering directory `/usr9/research/chsegal/Documents/ECE153A/Artix7/lab3/backlitNibble/backlitNibble.sdk/SDK/SDK_Export/backlitLCD_Demo_bsp/microblaze_0/libsrc/standalone_v4_0/src/profile'
cp -rf profile.h mblaze_nt_types.h _profile_timer_hw.h ../../../../include
make[2]: Leaving directory `/usr9/research/chsegal/Documents/ECE153A/Artix7/lab3/backlitNibble/backlitNibble.sdk/SDK/SDK_Export/backlitLCD_Demo_bsp/microblaze_0/libsrc/standalone_v4_0/src/profile'
Running Make include in microblaze_0/libsrc/tmrctr_v3_0/src
make -C microblaze_0/libsrc/tmrctr_v3_0/src -s include -e "SHELL=/bin/sh" "COMPILER=mb-gcc" "ARCHIVER=mb-ar" "COMPILER_FLAGS= -O2 -c -mcpu=v9.3 -mlittle-endian -mxl-soft-mul" "EXTRA_COMPILER_FLAGS=-g -ffunction-sections -fdata-sections"
Running Make include in microblaze_0/libsrc/uartlite_v3_0/src
make -C microblaze_0/libsrc/uartlite_v3_0/src -s include -e "SHELL=/bin/sh" "COMPILER=mb-gcc" "ARCHIVER=mb-ar" "COMPILER_FLAGS= -O2 -c -mcpu=v9.3 -mlittle-endian -mxl-soft-mul" "EXTRA_COMPILER_FLAGS=-g -ffunction-sections -fdata-sections"
Running Make libs in microblaze_0/libsrc/bram_v4_0/src
make -C microblaze_0/libsrc/bram_v4_0/src -s libs -e "SHELL=/bin/sh" "COMPILER=mb-gcc" "ARCHIVER=mb-ar" "COMPILER_FLAGS= -O2 -c -mcpu=v9.3 -mlittle-endian -mxl-soft-mul" "EXTRA_COMPILER_FLAGS=-g -ffunction-sections -fdata-sections"
Compiling bram
make[2]: Entering directory `/usr9/research/chsegal/Documents/ECE153A/Artix7/lab3/backlitNibble/backlitNibble.sdk/SDK/SDK_Export/backlitLCD_Demo_bsp/microblaze_0/libsrc/bram_v4_0/src'
rm -rf *.o 
make[2]: Leaving directory `/usr9/research/chsegal/Documents/ECE153A/Artix7/lab3/backlitNibble/backlitNibble.sdk/SDK/SDK_Export/backlitLCD_Demo_bsp/microblaze_0/libsrc/bram_v4_0/src'
Running Make libs in microblaze_0/libsrc/cpu_v2_0/src
make -C microblaze_0/libsrc/cpu_v2_0/src -s libs -e "SHELL=/bin/sh" "COMPILER=mb-gcc" "ARCHIVER=mb-ar" "COMPILER_FLAGS= -O2 -c -mcpu=v9.3 -mlittle-endian -mxl-soft-mul" "EXTRA_COMPILER_FLAGS=-g -ffunction-sections -fdata-sections"
Compiling cpu
make[2]: Entering directory `/usr9/research/chsegal/Documents/ECE153A/Artix7/lab3/backlitNibble/backlitNibble.sdk/SDK/SDK_Export/backlitLCD_Demo_bsp/microblaze_0/libsrc/cpu_v2_0/src'
rm -rf *.o
make[2]: Leaving directory `/usr9/research/chsegal/Documents/ECE153A/Artix7/lab3/backlitNibble/backlitNibble.sdk/SDK/SDK_Export/backlitLCD_Demo_bsp/microblaze_0/libsrc/cpu_v2_0/src'
Running Make libs in microblaze_0/libsrc/intc_v3_0/src
make -C microblaze_0/libsrc/intc_v3_0/src -s libs -e "SHELL=/bin/sh" "COMPILER=mb-gcc" "ARCHIVER=mb-ar" "COMPILER_FLAGS= -O2 -c -mcpu=v9.3 -mlittle-endian -mxl-soft-mul" "EXTRA_COMPILER_FLAGS=-g -ffunction-sections -fdata-sections"
Compiling intc
make[2]: Entering directory `/usr9/research/chsegal/Documents/ECE153A/Artix7/lab3/backlitNibble/backlitNibble.sdk/SDK/SDK_Export/backlitLCD_Demo_bsp/microblaze_0/libsrc/intc_v3_0/src'
rm -rf *.o 
make[2]: Leaving directory `/usr9/research/chsegal/Documents/ECE153A/Artix7/lab3/backlitNibble/backlitNibble.sdk/SDK/SDK_Export/backlitLCD_Demo_bsp/microblaze_0/libsrc/intc_v3_0/src'
Running Make libs in microblaze_0/libsrc/standalone_v4_0/src
make -C microblaze_0/libsrc/standalone_v4_0/src -s libs -e "SHELL=/bin/sh" "COMPILER=mb-gcc" "ARCHIVER=mb-ar" "COMPILER_FLAGS= -O2 -c -mcpu=v9.3 -mlittle-endian -mxl-soft-mul" "EXTRA_COMPILER_FLAGS=-g -ffunction-sections -fdata-sections"
Compiling standalone
Running Make libs in microblaze_0/libsrc/tmrctr_v3_0/src
make -C microblaze_0/libsrc/tmrctr_v3_0/src -s libs -e "SHELL=/bin/sh" "COMPILER=mb-gcc" "ARCHIVER=mb-ar" "COMPILER_FLAGS= -O2 -c -mcpu=v9.3 -mlittle-endian -mxl-soft-mul" "EXTRA_COMPILER_FLAGS=-g -ffunction-sections -fdata-sections"
Compiling tmrctr
make[2]: Entering directory `/usr9/research/chsegal/Documents/ECE153A/Artix7/lab3/backlitNibble/backlitNibble.sdk/SDK/SDK_Export/backlitLCD_Demo_bsp/microblaze_0/libsrc/tmrctr_v3_0/src'
rm -rf *.o 
make[2]: Leaving directory `/usr9/research/chsegal/Documents/ECE153A/Artix7/lab3/backlitNibble/backlitNibble.sdk/SDK/SDK_Export/backlitLCD_Demo_bsp/microblaze_0/libsrc/tmrctr_v3_0/src'
Running Make libs in microblaze_0/libsrc/uartlite_v3_0/src
make -C microblaze_0/libsrc/uartlite_v3_0/src -s libs -e "SHELL=/bin/sh" "COMPILER=mb-gcc" "ARCHIVER=mb-ar" "COMPILER_FLAGS= -O2 -c -mcpu=v9.3 -mlittle-endian -mxl-soft-mul" "EXTRA_COMPILER_FLAGS=-g -ffunction-sections -fdata-sections"
Compiling uartlite
make[2]: Entering directory `/usr9/research/chsegal/Documents/ECE153A/Artix7/lab3/backlitNibble/backlitNibble.sdk/SDK/SDK_Export/backlitLCD_Demo_bsp/microblaze_0/libsrc/uartlite_v3_0/src'
rm -rf *.o 
make[2]: Leaving directory `/usr9/research/chsegal/Documents/ECE153A/Artix7/lab3/backlitNibble/backlitNibble.sdk/SDK/SDK_Export/backlitLCD_Demo_bsp/microblaze_0/libsrc/uartlite_v3_0/src'
Finished building libraries
15:01:32 **** Clean-only build of configuration Release for project backlitLCD_Demo ****
make clean 
rm -rf  ./src/backlitLCD.o ./src/testperiph.o ./src/xintc_tapp_example.o ./src/xtmrctr_intr_example.o ./src/xtmrctr_selftest_example.o  ./src/backlitLCD.d ./src/testperiph.d ./src/xintc_tapp_example.d ./src/xtmrctr_intr_example.d ./src/xtmrctr_selftest_example.d  backlitLCD_Demo.elf.size  backlitLCD_Demo.elf
 
15:01:33 **** Auto Build of configuration Release for project backlitLCD_Demo ****
make all 
Building file: ../src/backlitLCD.c
Invoking: MicroBlaze gcc compiler
mb-gcc -Wall -O2 -c -fmessage-length=0 -I../../backlitLCD_Demo_bsp/microblaze_0/include -mlittle-endian -mcpu=v9.3 -mxl-soft-mul -Wl,--no-relax -ffunction-sections -fdata-sections -MMD -MP -MF"src/backlitLCD.d" -MT"src/backlitLCD.d" -o "src/backlitLCD.o" "../src/backlitLCD.c"
Finished building: ../src/backlitLCD.c
 
Building file: ../src/testperiph.c
Invoking: MicroBlaze gcc compiler
mb-gcc -Wall -O2 -c -fmessage-length=0 -I../../backlitLCD_Demo_bsp/microblaze_0/include -mlittle-endian -mcpu=v9.3 -mxl-soft-mul -Wl,--no-relax -ffunction-sections -fdata-sections -MMD -MP -MF"src/testperiph.d" -MT"src/testperiph.d" -o "src/testperiph.o" "../src/testperiph.c"
../src/testperiph.c: In function 'main':
../src/testperiph.c:43:19: warning: unused variable 'axi_timer_0_Timer' [-Wunused-variable]
Finished building: ../src/testperiph.c
 
Building file: ../src/xintc_tapp_example.c
    static XTmrCtr axi_timer_0_Timer;
                   ^
../src/testperiph.c:42:17: warning: unused variable 'intc' [-Wunused-variable]
Invoking: MicroBlaze gcc compiler
    static XIntc intc;
                 ^
mb-gcc -Wall -O2 -c -fmessage-length=0 -I../../backlitLCD_Demo_bsp/microblaze_0/include -mlittle-endian -mcpu=v9.3 -mxl-soft-mul -Wl,--no-relax -ffunction-sections -fdata-sections -MMD -MP -MF"src/xintc_tapp_example.d" -MT"src/xintc_tapp_example.d" -o "src/xintc_tapp_example.o" "../src/xintc_tapp_example.c"
Finished building: ../src/xintc_tapp_example.c
 
Building file: ../src/xtmrctr_intr_example.c
Invoking: MicroBlaze gcc compiler
mb-gcc -Wall -O2 -c -fmessage-length=0 -I../../backlitLCD_Demo_bsp/microblaze_0/include -mlittle-endian -mcpu=v9.3 -mxl-soft-mul -Wl,--no-relax -ffunction-sections -fdata-sections -MMD -MP -MF"src/xtmrctr_intr_example.d" -MT"src/xtmrctr_intr_example.d" -o "src/xtmrctr_intr_example.o" "../src/xtmrctr_intr_example.c"
Finished building: ../src/xtmrctr_intr_example.c
 
Building file: ../src/xtmrctr_selftest_example.c
Invoking: MicroBlaze gcc compiler
mb-gcc -Wall -O2 -c -fmessage-length=0 -I../../backlitLCD_Demo_bsp/microblaze_0/include -mlittle-endian -mcpu=v9.3 -mxl-soft-mul -Wl,--no-relax -ffunction-sections -fdata-sections -MMD -MP -MF"src/xtmrctr_selftest_example.d" -MT"src/xtmrctr_selftest_example.d" -o "src/xtmrctr_selftest_example.o" "../src/xtmrctr_selftest_example.c"
Finished building: ../src/xtmrctr_selftest_example.c
 
Building target: backlitLCD_Demo.elf
Invoking: MicroBlaze gcc linker
mb-gcc -Wl,-T -Wl,../src/lscript.ld -L../../backlitLCD_Demo_bsp/microblaze_0/lib -mlittle-endian -mcpu=v9.3 -mxl-soft-mul -Wl,--no-relax -Wl,--gc-sections -o "backlitLCD_Demo.elf"  ./src/backlitLCD.o ./src/testperiph.o ./src/xintc_tapp_example.o ./src/xtmrctr_intr_example.o ./src/xtmrctr_selftest_example.o   -Wl,--start-group,-lxil,-lgcc,-lc,--end-group
Finished building target: backlitLCD_Demo.elf
 
Invoking: MicroBlaze Print Size
mb-size backlitLCD_Demo.elf  |tee "backlitLCD_Demo.elf.size"
   text	   data	    bss	    dec	    hex	filename
   6260	    320	   2084	   8664	   21d8	backlitLCD_Demo.elf
Finished building: backlitLCD_Demo.elf.size
 
15:01:35 **** Auto Build of project backlitLCD_Demo_bsp ****
make -k all 
Running Make include in microblaze_0/libsrc/bram_v4_0/src
make -C microblaze_0/libsrc/bram_v4_0/src -s include -e "SHELL=/bin/sh" "COMPILER=mb-gcc" "ARCHIVER=mb-ar" "COMPILER_FLAGS= -O2 -c -mcpu=v9.3 -mlittle-endian -mxl-soft-mul" "EXTRA_COMPILER_FLAGS=-g -ffunction-sections -fdata-sections"
Running Make include in microblaze_0/libsrc/cpu_v2_0/src
make -C microblaze_0/libsrc/cpu_v2_0/src -s include -e "SHELL=/bin/sh" "COMPILER=mb-gcc" "ARCHIVER=mb-ar" "COMPILER_FLAGS= -O2 -c -mcpu=v9.3 -mlittle-endian -mxl-soft-mul" "EXTRA_COMPILER_FLAGS=-g -ffunction-sections -fdata-sections"
Running Make include in microblaze_0/libsrc/intc_v3_0/src
make -C microblaze_0/libsrc/intc_v3_0/src -s include -e "SHELL=/bin/sh" "COMPILER=mb-gcc" "ARCHIVER=mb-ar" "COMPILER_FLAGS= -O2 -c -mcpu=v9.3 -mlittle-endian -mxl-soft-mul" "EXTRA_COMPILER_FLAGS=-g -ffunction-sections -fdata-sections"
Running Make include in microblaze_0/libsrc/standalone_v4_0/src
make -C microblaze_0/libsrc/standalone_v4_0/src -s include -e "SHELL=/bin/sh" "COMPILER=mb-gcc" "ARCHIVER=mb-ar" "COMPILER_FLAGS= -O2 -c -mcpu=v9.3 -mlittle-endian -mxl-soft-mul" "EXTRA_COMPILER_FLAGS=-g -ffunction-sections -fdata-sections"
make[2]: Entering directory `/usr9/research/chsegal/Documents/ECE153A/Artix7/lab3/backlitNibble/backlitNibble.sdk/SDK/SDK_Export/backlitLCD_Demo_bsp/microblaze_0/libsrc/standalone_v4_0/src/profile'
cp -rf profile.h mblaze_nt_types.h _profile_timer_hw.h ../../../../include
make[2]: Leaving directory `/usr9/research/chsegal/Documents/ECE153A/Artix7/lab3/backlitNibble/backlitNibble.sdk/SDK/SDK_Export/backlitLCD_Demo_bsp/microblaze_0/libsrc/standalone_v4_0/src/profile'
Running Make include in microblaze_0/libsrc/tmrctr_v3_0/src
make -C microblaze_0/libsrc/tmrctr_v3_0/src -s include -e "SHELL=/bin/sh" "COMPILER=mb-gcc" "ARCHIVER=mb-ar" "COMPILER_FLAGS= -O2 -c -mcpu=v9.3 -mlittle-endian -mxl-soft-mul" "EXTRA_COMPILER_FLAGS=-g -ffunction-sections -fdata-sections"
Running Make include in microblaze_0/libsrc/uartlite_v3_0/src
make -C microblaze_0/libsrc/uartlite_v3_0/src -s include -e "SHELL=/bin/sh" "COMPILER=mb-gcc" "ARCHIVER=mb-ar" "COMPILER_FLAGS= -O2 -c -mcpu=v9.3 -mlittle-endian -mxl-soft-mul" "EXTRA_COMPILER_FLAGS=-g -ffunction-sections -fdata-sections"
Running Make libs in microblaze_0/libsrc/bram_v4_0/src
make -C microblaze_0/libsrc/bram_v4_0/src -s libs -e "SHELL=/bin/sh" "COMPILER=mb-gcc" "ARCHIVER=mb-ar" "COMPILER_FLAGS= -O2 -c -mcpu=v9.3 -mlittle-endian -mxl-soft-mul" "EXTRA_COMPILER_FLAGS=-g -ffunction-sections -fdata-sections"
Compiling bram
make[2]: Entering directory `/usr9/research/chsegal/Documents/ECE153A/Artix7/lab3/backlitNibble/backlitNibble.sdk/SDK/SDK_Export/backlitLCD_Demo_bsp/microblaze_0/libsrc/bram_v4_0/src'
rm -rf *.o 
make[2]: Leaving directory `/usr9/research/chsegal/Documents/ECE153A/Artix7/lab3/backlitNibble/backlitNibble.sdk/SDK/SDK_Export/backlitLCD_Demo_bsp/microblaze_0/libsrc/bram_v4_0/src'
Running Make libs in microblaze_0/libsrc/cpu_v2_0/src
make -C microblaze_0/libsrc/cpu_v2_0/src -s libs -e "SHELL=/bin/sh" "COMPILER=mb-gcc" "ARCHIVER=mb-ar" "COMPILER_FLAGS= -O2 -c -mcpu=v9.3 -mlittle-endian -mxl-soft-mul" "EXTRA_COMPILER_FLAGS=-g -ffunction-sections -fdata-sections"
Compiling cpu
make[2]: Entering directory `/usr9/research/chsegal/Documents/ECE153A/Artix7/lab3/backlitNibble/backlitNibble.sdk/SDK/SDK_Export/backlitLCD_Demo_bsp/microblaze_0/libsrc/cpu_v2_0/src'
rm -rf *.o
make[2]: Leaving directory `/usr9/research/chsegal/Documents/ECE153A/Artix7/lab3/backlitNibble/backlitNibble.sdk/SDK/SDK_Export/backlitLCD_Demo_bsp/microblaze_0/libsrc/cpu_v2_0/src'
Running Make libs in microblaze_0/libsrc/intc_v3_0/src
make -C microblaze_0/libsrc/intc_v3_0/src -s libs -e "SHELL=/bin/sh" "COMPILER=mb-gcc" "ARCHIVER=mb-ar" "COMPILER_FLAGS= -O2 -c -mcpu=v9.3 -mlittle-endian -mxl-soft-mul" "EXTRA_COMPILER_FLAGS=-g -ffunction-sections -fdata-sections"
Compiling intc
make[2]: Entering directory `/usr9/research/chsegal/Documents/ECE153A/Artix7/lab3/backlitNibble/backlitNibble.sdk/SDK/SDK_Export/backlitLCD_Demo_bsp/microblaze_0/libsrc/intc_v3_0/src'
rm -rf *.o 
make[2]: Leaving directory `/usr9/research/chsegal/Documents/ECE153A/Artix7/lab3/backlitNibble/backlitNibble.sdk/SDK/SDK_Export/backlitLCD_Demo_bsp/microblaze_0/libsrc/intc_v3_0/src'
Running Make libs in microblaze_0/libsrc/standalone_v4_0/src
make -C microblaze_0/libsrc/standalone_v4_0/src -s libs -e "SHELL=/bin/sh" "COMPILER=mb-gcc" "ARCHIVER=mb-ar" "COMPILER_FLAGS= -O2 -c -mcpu=v9.3 -mlittle-endian -mxl-soft-mul" "EXTRA_COMPILER_FLAGS=-g -ffunction-sections -fdata-sections"
Compiling standalone
Running Make libs in microblaze_0/libsrc/tmrctr_v3_0/src
make -C microblaze_0/libsrc/tmrctr_v3_0/src -s libs -e "SHELL=/bin/sh" "COMPILER=mb-gcc" "ARCHIVER=mb-ar" "COMPILER_FLAGS= -O2 -c -mcpu=v9.3 -mlittle-endian -mxl-soft-mul" "EXTRA_COMPILER_FLAGS=-g -ffunction-sections -fdata-sections"
Compiling tmrctr
make[2]: Entering directory `/usr9/research/chsegal/Documents/ECE153A/Artix7/lab3/backlitNibble/backlitNibble.sdk/SDK/SDK_Export/backlitLCD_Demo_bsp/microblaze_0/libsrc/tmrctr_v3_0/src'
rm -rf *.o 
make[2]: Leaving directory `/usr9/research/chsegal/Documents/ECE153A/Artix7/lab3/backlitNibble/backlitNibble.sdk/SDK/SDK_Export/backlitLCD_Demo_bsp/microblaze_0/libsrc/tmrctr_v3_0/src'
Running Make libs in microblaze_0/libsrc/uartlite_v3_0/src
make -C microblaze_0/libsrc/uartlite_v3_0/src -s libs -e "SHELL=/bin/sh" "COMPILER=mb-gcc" "ARCHIVER=mb-ar" "COMPILER_FLAGS= -O2 -c -mcpu=v9.3 -mlittle-endian -mxl-soft-mul" "EXTRA_COMPILER_FLAGS=-g -ffunction-sections -fdata-sections"
Compiling uartlite
make[2]: Entering directory `/usr9/research/chsegal/Documents/ECE153A/Artix7/lab3/backlitNibble/backlitNibble.sdk/SDK/SDK_Export/backlitLCD_Demo_bsp/microblaze_0/libsrc/uartlite_v3_0/src'
rm -rf *.o 
make[2]: Leaving directory `/usr9/research/chsegal/Documents/ECE153A/Artix7/lab3/backlitNibble/backlitNibble.sdk/SDK/SDK_Export/backlitLCD_Demo_bsp/microblaze_0/libsrc/uartlite_v3_0/src'
Finished building libraries
15:01:42 **** Auto Build of configuration Release for project backlitLCD_Demo ****
make all 
make: Nothing to be done for `all'.
15:02:36 **** Auto Build of project backlitLCD_Demo_bsp ****
make -k all 
Running Make include in microblaze_0/libsrc/bram_v4_0/src
make -C microblaze_0/libsrc/bram_v4_0/src -s include -e "SHELL=/bin/sh" "COMPILER=mb-gcc" "ARCHIVER=mb-ar" "COMPILER_FLAGS= -O2 -c -mcpu=v9.3 -mlittle-endian -mxl-soft-mul" "EXTRA_COMPILER_FLAGS=-g -ffunction-sections -fdata-sections"
Running Make include in microblaze_0/libsrc/cpu_v2_0/src
make -C microblaze_0/libsrc/cpu_v2_0/src -s include -e "SHELL=/bin/sh" "COMPILER=mb-gcc" "ARCHIVER=mb-ar" "COMPILER_FLAGS= -O2 -c -mcpu=v9.3 -mlittle-endian -mxl-soft-mul" "EXTRA_COMPILER_FLAGS=-g -ffunction-sections -fdata-sections"
Running Make include in microblaze_0/libsrc/intc_v3_0/src
make -C microblaze_0/libsrc/intc_v3_0/src -s include -e "SHELL=/bin/sh" "COMPILER=mb-gcc" "ARCHIVER=mb-ar" "COMPILER_FLAGS= -O2 -c -mcpu=v9.3 -mlittle-endian -mxl-soft-mul" "EXTRA_COMPILER_FLAGS=-g -ffunction-sections -fdata-sections"
Running Make include in microblaze_0/libsrc/standalone_v4_0/src
make -C microblaze_0/libsrc/standalone_v4_0/src -s include -e "SHELL=/bin/sh" "COMPILER=mb-gcc" "ARCHIVER=mb-ar" "COMPILER_FLAGS= -O2 -c -mcpu=v9.3 -mlittle-endian -mxl-soft-mul" "EXTRA_COMPILER_FLAGS=-g -ffunction-sections -fdata-sections"
make[2]: Entering directory `/usr9/research/chsegal/Documents/ECE153A/Artix7/lab3/backlitNibble/backlitNibble.sdk/SDK/SDK_Export/backlitLCD_Demo_bsp/microblaze_0/libsrc/standalone_v4_0/src/profile'
cp -rf profile.h mblaze_nt_types.h _profile_timer_hw.h ../../../../include
make[2]: Leaving directory `/usr9/research/chsegal/Documents/ECE153A/Artix7/lab3/backlitNibble/backlitNibble.sdk/SDK/SDK_Export/backlitLCD_Demo_bsp/microblaze_0/libsrc/standalone_v4_0/src/profile'
Running Make include in microblaze_0/libsrc/tmrctr_v3_0/src
make -C microblaze_0/libsrc/tmrctr_v3_0/src -s include -e "SHELL=/bin/sh" "COMPILER=mb-gcc" "ARCHIVER=mb-ar" "COMPILER_FLAGS= -O2 -c -mcpu=v9.3 -mlittle-endian -mxl-soft-mul" "EXTRA_COMPILER_FLAGS=-g -ffunction-sections -fdata-sections"
Running Make include in microblaze_0/libsrc/uartlite_v3_0/src
make -C microblaze_0/libsrc/uartlite_v3_0/src -s include -e "SHELL=/bin/sh" "COMPILER=mb-gcc" "ARCHIVER=mb-ar" "COMPILER_FLAGS= -O2 -c -mcpu=v9.3 -mlittle-endian -mxl-soft-mul" "EXTRA_COMPILER_FLAGS=-g -ffunction-sections -fdata-sections"
Running Make libs in microblaze_0/libsrc/bram_v4_0/src
make -C microblaze_0/libsrc/bram_v4_0/src -s libs -e "SHELL=/bin/sh" "COMPILER=mb-gcc" "ARCHIVER=mb-ar" "COMPILER_FLAGS= -O2 -c -mcpu=v9.3 -mlittle-endian -mxl-soft-mul" "EXTRA_COMPILER_FLAGS=-g -ffunction-sections -fdata-sections"
Compiling bram
make[2]: Entering directory `/usr9/research/chsegal/Documents/ECE153A/Artix7/lab3/backlitNibble/backlitNibble.sdk/SDK/SDK_Export/backlitLCD_Demo_bsp/microblaze_0/libsrc/bram_v4_0/src'
rm -rf *.o 
make[2]: Leaving directory `/usr9/research/chsegal/Documents/ECE153A/Artix7/lab3/backlitNibble/backlitNibble.sdk/SDK/SDK_Export/backlitLCD_Demo_bsp/microblaze_0/libsrc/bram_v4_0/src'
Running Make libs in microblaze_0/libsrc/cpu_v2_0/src
make -C microblaze_0/libsrc/cpu_v2_0/src -s libs -e "SHELL=/bin/sh" "COMPILER=mb-gcc" "ARCHIVER=mb-ar" "COMPILER_FLAGS= -O2 -c -mcpu=v9.3 -mlittle-endian -mxl-soft-mul" "EXTRA_COMPILER_FLAGS=-g -ffunction-sections -fdata-sections"
Compiling cpu
make[2]: Entering directory `/usr9/research/chsegal/Documents/ECE153A/Artix7/lab3/backlitNibble/backlitNibble.sdk/SDK/SDK_Export/backlitLCD_Demo_bsp/microblaze_0/libsrc/cpu_v2_0/src'
rm -rf *.o
make[2]: Leaving directory `/usr9/research/chsegal/Documents/ECE153A/Artix7/lab3/backlitNibble/backlitNibble.sdk/SDK/SDK_Export/backlitLCD_Demo_bsp/microblaze_0/libsrc/cpu_v2_0/src'
Running Make libs in microblaze_0/libsrc/intc_v3_0/src
make -C microblaze_0/libsrc/intc_v3_0/src -s libs -e "SHELL=/bin/sh" "COMPILER=mb-gcc" "ARCHIVER=mb-ar" "COMPILER_FLAGS= -O2 -c -mcpu=v9.3 -mlittle-endian -mxl-soft-mul" "EXTRA_COMPILER_FLAGS=-g -ffunction-sections -fdata-sections"
Compiling intc
make[2]: Entering directory `/usr9/research/chsegal/Documents/ECE153A/Artix7/lab3/backlitNibble/backlitNibble.sdk/SDK/SDK_Export/backlitLCD_Demo_bsp/microblaze_0/libsrc/intc_v3_0/src'
rm -rf *.o 
make[2]: Leaving directory `/usr9/research/chsegal/Documents/ECE153A/Artix7/lab3/backlitNibble/backlitNibble.sdk/SDK/SDK_Export/backlitLCD_Demo_bsp/microblaze_0/libsrc/intc_v3_0/src'
Running Make libs in microblaze_0/libsrc/standalone_v4_0/src
make -C microblaze_0/libsrc/standalone_v4_0/src -s libs -e "SHELL=/bin/sh" "COMPILER=mb-gcc" "ARCHIVER=mb-ar" "COMPILER_FLAGS= -O2 -c -mcpu=v9.3 -mlittle-endian -mxl-soft-mul" "EXTRA_COMPILER_FLAGS=-g -ffunction-sections -fdata-sections"
Compiling standalone
Running Make libs in microblaze_0/libsrc/tmrctr_v3_0/src
make -C microblaze_0/libsrc/tmrctr_v3_0/src -s libs -e "SHELL=/bin/sh" "COMPILER=mb-gcc" "ARCHIVER=mb-ar" "COMPILER_FLAGS= -O2 -c -mcpu=v9.3 -mlittle-endian -mxl-soft-mul" "EXTRA_COMPILER_FLAGS=-g -ffunction-sections -fdata-sections"
Compiling tmrctr
make[2]: Entering directory `/usr9/research/chsegal/Documents/ECE153A/Artix7/lab3/backlitNibble/backlitNibble.sdk/SDK/SDK_Export/backlitLCD_Demo_bsp/microblaze_0/libsrc/tmrctr_v3_0/src'
rm -rf *.o 
make[2]: Leaving directory `/usr9/research/chsegal/Documents/ECE153A/Artix7/lab3/backlitNibble/backlitNibble.sdk/SDK/SDK_Export/backlitLCD_Demo_bsp/microblaze_0/libsrc/tmrctr_v3_0/src'
Running Make libs in microblaze_0/libsrc/uartlite_v3_0/src
make -C microblaze_0/libsrc/uartlite_v3_0/src -s libs -e "SHELL=/bin/sh" "COMPILER=mb-gcc" "ARCHIVER=mb-ar" "COMPILER_FLAGS= -O2 -c -mcpu=v9.3 -mlittle-endian -mxl-soft-mul" "EXTRA_COMPILER_FLAGS=-g -ffunction-sections -fdata-sections"
Compiling uartlite
make[2]: Entering directory `/usr9/research/chsegal/Documents/ECE153A/Artix7/lab3/backlitNibble/backlitNibble.sdk/SDK/SDK_Export/backlitLCD_Demo_bsp/microblaze_0/libsrc/uartlite_v3_0/src'
rm -rf *.o 
make[2]: Leaving directory `/usr9/research/chsegal/Documents/ECE153A/Artix7/lab3/backlitNibble/backlitNibble.sdk/SDK/SDK_Export/backlitLCD_Demo_bsp/microblaze_0/libsrc/uartlite_v3_0/src'
Finished building libraries
15:02:49 **** Auto Build of configuration Release for project backlitLCD_Demo ****
make all 
make: Nothing to be done for `all'.
15:02:49 **** Incremental Build of configuration Release for project backlitLCD_Demo ****
make all 
make: Nothing to be done for `all'.
15:11:04 **** Auto Build of project backlitLCD_Demo_bsp ****
make -k all 
Running Make include in microblaze_0/libsrc/bram_v4_0/src
make -C microblaze_0/libsrc/bram_v4_0/src -s include -e "SHELL=/bin/sh" "COMPILER=mb-gcc" "ARCHIVER=mb-ar" "COMPILER_FLAGS= -O2 -c -mcpu=v9.3 -mlittle-endian -mxl-soft-mul" "EXTRA_COMPILER_FLAGS=-g -ffunction-sections -fdata-sections"
Running Make include in microblaze_0/libsrc/cpu_v2_0/src
make -C microblaze_0/libsrc/cpu_v2_0/src -s include -e "SHELL=/bin/sh" "COMPILER=mb-gcc" "ARCHIVER=mb-ar" "COMPILER_FLAGS= -O2 -c -mcpu=v9.3 -mlittle-endian -mxl-soft-mul" "EXTRA_COMPILER_FLAGS=-g -ffunction-sections -fdata-sections"
Running Make include in microblaze_0/libsrc/intc_v3_0/src
make -C microblaze_0/libsrc/intc_v3_0/src -s include -e "SHELL=/bin/sh" "COMPILER=mb-gcc" "ARCHIVER=mb-ar" "COMPILER_FLAGS= -O2 -c -mcpu=v9.3 -mlittle-endian -mxl-soft-mul" "EXTRA_COMPILER_FLAGS=-g -ffunction-sections -fdata-sections"
Running Make include in microblaze_0/libsrc/standalone_v4_0/src
make -C microblaze_0/libsrc/standalone_v4_0/src -s include -e "SHELL=/bin/sh" "COMPILER=mb-gcc" "ARCHIVER=mb-ar" "COMPILER_FLAGS= -O2 -c -mcpu=v9.3 -mlittle-endian -mxl-soft-mul" "EXTRA_COMPILER_FLAGS=-g -ffunction-sections -fdata-sections"
make[2]: Entering directory `/usr9/research/chsegal/Documents/ECE153A/Artix7/lab3/backlitNibble/backlitNibble.sdk/SDK/SDK_Export/backlitLCD_Demo_bsp/microblaze_0/libsrc/standalone_v4_0/src/profile'
cp -rf profile.h mblaze_nt_types.h _profile_timer_hw.h ../../../../include
make[2]: Leaving directory `/usr9/research/chsegal/Documents/ECE153A/Artix7/lab3/backlitNibble/backlitNibble.sdk/SDK/SDK_Export/backlitLCD_Demo_bsp/microblaze_0/libsrc/standalone_v4_0/src/profile'
Running Make include in microblaze_0/libsrc/tmrctr_v3_0/src
make -C microblaze_0/libsrc/tmrctr_v3_0/src -s include -e "SHELL=/bin/sh" "COMPILER=mb-gcc" "ARCHIVER=mb-ar" "COMPILER_FLAGS= -O2 -c -mcpu=v9.3 -mlittle-endian -mxl-soft-mul" "EXTRA_COMPILER_FLAGS=-g -ffunction-sections -fdata-sections"
Running Make include in microblaze_0/libsrc/uartlite_v3_0/src
make -C microblaze_0/libsrc/uartlite_v3_0/src -s include -e "SHELL=/bin/sh" "COMPILER=mb-gcc" "ARCHIVER=mb-ar" "COMPILER_FLAGS= -O2 -c -mcpu=v9.3 -mlittle-endian -mxl-soft-mul" "EXTRA_COMPILER_FLAGS=-g -ffunction-sections -fdata-sections"
Running Make libs in microblaze_0/libsrc/bram_v4_0/src
make -C microblaze_0/libsrc/bram_v4_0/src -s libs -e "SHELL=/bin/sh" "COMPILER=mb-gcc" "ARCHIVER=mb-ar" "COMPILER_FLAGS= -O2 -c -mcpu=v9.3 -mlittle-endian -mxl-soft-mul" "EXTRA_COMPILER_FLAGS=-g -ffunction-sections -fdata-sections"
Compiling bram
make[2]: Entering directory `/usr9/research/chsegal/Documents/ECE153A/Artix7/lab3/backlitNibble/backlitNibble.sdk/SDK/SDK_Export/backlitLCD_Demo_bsp/microblaze_0/libsrc/bram_v4_0/src'
rm -rf *.o 
make[2]: Leaving directory `/usr9/research/chsegal/Documents/ECE153A/Artix7/lab3/backlitNibble/backlitNibble.sdk/SDK/SDK_Export/backlitLCD_Demo_bsp/microblaze_0/libsrc/bram_v4_0/src'
Running Make libs in microblaze_0/libsrc/cpu_v2_0/src
make -C microblaze_0/libsrc/cpu_v2_0/src -s libs -e "SHELL=/bin/sh" "COMPILER=mb-gcc" "ARCHIVER=mb-ar" "COMPILER_FLAGS= -O2 -c -mcpu=v9.3 -mlittle-endian -mxl-soft-mul" "EXTRA_COMPILER_FLAGS=-g -ffunction-sections -fdata-sections"
Compiling cpu
make[2]: Entering directory `/usr9/research/chsegal/Documents/ECE153A/Artix7/lab3/backlitNibble/backlitNibble.sdk/SDK/SDK_Export/backlitLCD_Demo_bsp/microblaze_0/libsrc/cpu_v2_0/src'
rm -rf *.o
make[2]: Leaving directory `/usr9/research/chsegal/Documents/ECE153A/Artix7/lab3/backlitNibble/backlitNibble.sdk/SDK/SDK_Export/backlitLCD_Demo_bsp/microblaze_0/libsrc/cpu_v2_0/src'
Running Make libs in microblaze_0/libsrc/intc_v3_0/src
make -C microblaze_0/libsrc/intc_v3_0/src -s libs -e "SHELL=/bin/sh" "COMPILER=mb-gcc" "ARCHIVER=mb-ar" "COMPILER_FLAGS= -O2 -c -mcpu=v9.3 -mlittle-endian -mxl-soft-mul" "EXTRA_COMPILER_FLAGS=-g -ffunction-sections -fdata-sections"
Compiling intc
make[2]: Entering directory `/usr9/research/chsegal/Documents/ECE153A/Artix7/lab3/backlitNibble/backlitNibble.sdk/SDK/SDK_Export/backlitLCD_Demo_bsp/microblaze_0/libsrc/intc_v3_0/src'
rm -rf *.o 
make[2]: Leaving directory `/usr9/research/chsegal/Documents/ECE153A/Artix7/lab3/backlitNibble/backlitNibble.sdk/SDK/SDK_Export/backlitLCD_Demo_bsp/microblaze_0/libsrc/intc_v3_0/src'
Running Make libs in microblaze_0/libsrc/standalone_v4_0/src
make -C microblaze_0/libsrc/standalone_v4_0/src -s libs -e "SHELL=/bin/sh" "COMPILER=mb-gcc" "ARCHIVER=mb-ar" "COMPILER_FLAGS= -O2 -c -mcpu=v9.3 -mlittle-endian -mxl-soft-mul" "EXTRA_COMPILER_FLAGS=-g -ffunction-sections -fdata-sections"
Compiling standalone
Running Make libs in microblaze_0/libsrc/tmrctr_v3_0/src
make -C microblaze_0/libsrc/tmrctr_v3_0/src -s libs -e "SHELL=/bin/sh" "COMPILER=mb-gcc" "ARCHIVER=mb-ar" "COMPILER_FLAGS= -O2 -c -mcpu=v9.3 -mlittle-endian -mxl-soft-mul" "EXTRA_COMPILER_FLAGS=-g -ffunction-sections -fdata-sections"
Compiling tmrctr
make[2]: Entering directory `/usr9/research/chsegal/Documents/ECE153A/Artix7/lab3/backlitNibble/backlitNibble.sdk/SDK/SDK_Export/backlitLCD_Demo_bsp/microblaze_0/libsrc/tmrctr_v3_0/src'
rm -rf *.o 
make[2]: Leaving directory `/usr9/research/chsegal/Documents/ECE153A/Artix7/lab3/backlitNibble/backlitNibble.sdk/SDK/SDK_Export/backlitLCD_Demo_bsp/microblaze_0/libsrc/tmrctr_v3_0/src'
Running Make libs in microblaze_0/libsrc/uartlite_v3_0/src
make -C microblaze_0/libsrc/uartlite_v3_0/src -s libs -e "SHELL=/bin/sh" "COMPILER=mb-gcc" "ARCHIVER=mb-ar" "COMPILER_FLAGS= -O2 -c -mcpu=v9.3 -mlittle-endian -mxl-soft-mul" "EXTRA_COMPILER_FLAGS=-g -ffunction-sections -fdata-sections"
Compiling uartlite
make[2]: Entering directory `/usr9/research/chsegal/Documents/ECE153A/Artix7/lab3/backlitNibble/backlitNibble.sdk/SDK/SDK_Export/backlitLCD_Demo_bsp/microblaze_0/libsrc/uartlite_v3_0/src'
rm -rf *.o 
make[2]: Leaving directory `/usr9/research/chsegal/Documents/ECE153A/Artix7/lab3/backlitNibble/backlitNibble.sdk/SDK/SDK_Export/backlitLCD_Demo_bsp/microblaze_0/libsrc/uartlite_v3_0/src'
Finished building libraries
15:11:10 **** Auto Build of configuration Release for project backlitLCD_Demo ****
make all 
make: Nothing to be done for `all'.
15:11:13 **** Incremental Build of configuration Release for project backlitLCD_Demo ****
make all 
make: Nothing to be done for `all'.
15:11:37 **** Incremental Build of configuration Release for project backlitLCD_Demo ****
make all 
make: Nothing to be done for `all'.
15:11:56 **** Incremental Build of configuration Release for project backlitLCD_Demo ****
make all 
make: Nothing to be done for `all'.
15:12:27 **** Auto Build of configuration Release for project backlitLCD_Demo ****
make all 
Building file: ../src/testperiph.c
Invoking: MicroBlaze gcc compiler
mb-gcc -Wall -O2 -c -fmessage-length=0 -I../../backlitLCD_Demo_bsp/microblaze_0/include -mlittle-endian -mcpu=v9.3 -mxl-soft-mul -Wl,--no-relax -ffunction-sections -fdata-sections -MMD -MP -MF"src/testperiph.d" -MT"src/testperiph.d" -o "src/testperiph.o" "../src/testperiph.c"
../src/testperiph.c: In function 'main':
../src/testperiph.c:43:19: warning: unused variable 'axi_timer_0_Timer' [-Wunused-variable]
    static XTmrCtr axi_timer_0_Timer;
                   ^
../src/testperiph.c:42:17: warning: unused variable 'intc' [-Wunused-variable]
    static XIntc intc;
                 ^
Finished building: ../src/testperiph.c
 
Building target: backlitLCD_Demo.elf
Invoking: MicroBlaze gcc linker
mb-gcc -Wl,-T -Wl,../src/lscript.ld -L../../backlitLCD_Demo_bsp/microblaze_0/lib -mlittle-endian -mcpu=v9.3 -mxl-soft-mul -Wl,--no-relax -Wl,--gc-sections -o "backlitLCD_Demo.elf"  ./src/backlitLCD.o ./src/testperiph.o ./src/xintc_tapp_example.o ./src/xtmrctr_intr_example.o ./src/xtmrctr_selftest_example.o   -Wl,--start-group,-lxil,-lgcc,-lc,--end-group
Finished building target: backlitLCD_Demo.elf
 
Invoking: MicroBlaze Print Size
mb-size backlitLCD_Demo.elf  |tee "backlitLCD_Demo.elf.size"
   text	   data	    bss	    dec	    hex	filename
   6252	    320	   2084	   8656	   21d0	backlitLCD_Demo.elf
Finished building: backlitLCD_Demo.elf.size
 
15:12:35 **** Auto Build of configuration Release for project backlitLCD_Demo ****
make all 
Building file: ../src/testperiph.c
Invoking: MicroBlaze gcc compiler
mb-gcc -Wall -O2 -c -fmessage-length=0 -I../../backlitLCD_Demo_bsp/microblaze_0/include -mlittle-endian -mcpu=v9.3 -mxl-soft-mul -Wl,--no-relax -ffunction-sections -fdata-sections -MMD -MP -MF"src/testperiph.d" -MT"src/testperiph.d" -o "src/testperiph.o" "../src/testperiph.c"
../src/testperiph.c: In function 'main':
../src/testperiph.c:43:19: warning: unused variable 'axi_timer_0_Timer' [-Wunused-variable]
    static XTmrCtr axi_timer_0_Timer;
                   ^
../src/testperiph.c:42:17: warning: unused variable 'intc' [-Wunused-variable]
    static XIntc intc;
                 ^
Finished building: ../src/testperiph.c
 
Building target: backlitLCD_Demo.elf
Invoking: MicroBlaze gcc linker
mb-gcc -Wl,-T -Wl,../src/lscript.ld -L../../backlitLCD_Demo_bsp/microblaze_0/lib -mlittle-endian -mcpu=v9.3 -mxl-soft-mul -Wl,--no-relax -Wl,--gc-sections -o "backlitLCD_Demo.elf"  ./src/backlitLCD.o ./src/testperiph.o ./src/xintc_tapp_example.o ./src/xtmrctr_intr_example.o ./src/xtmrctr_selftest_example.o   -Wl,--start-group,-lxil,-lgcc,-lc,--end-group
Finished building target: backlitLCD_Demo.elf
 
Invoking: MicroBlaze Print Size
mb-size backlitLCD_Demo.elf  |tee "backlitLCD_Demo.elf.size"
   text	   data	    bss	    dec	    hex	filename
   6260	    320	   2084	   8664	   21d8	backlitLCD_Demo.elf
Finished building: backlitLCD_Demo.elf.size
 
15:13:03 **** Incremental Build of configuration Release for project backlitLCD_Demo ****
make all 
make: Nothing to be done for `all'.
15:14:24 **** Auto Build of configuration Release for project backlitLCD_Demo ****
make all 
Building file: ../src/backlitLCD.c
Invoking: MicroBlaze gcc compiler
mb-gcc -Wall -O2 -c -fmessage-length=0 -I../../backlitLCD_Demo_bsp/microblaze_0/include -mlittle-endian -mcpu=v9.3 -mxl-soft-mul -Wl,--no-relax -ffunction-sections -fdata-sections -MMD -MP -MF"src/backlitLCD.d" -MT"src/backlitLCD.d" -o "src/backlitLCD.o" "../src/backlitLCD.c"
Finished building: ../src/backlitLCD.c
 
Building target: backlitLCD_Demo.elf
Invoking: MicroBlaze gcc linker
mb-gcc -Wl,-T -Wl,../src/lscript.ld -L../../backlitLCD_Demo_bsp/microblaze_0/lib -mlittle-endian -mcpu=v9.3 -mxl-soft-mul -Wl,--no-relax -Wl,--gc-sections -o "backlitLCD_Demo.elf"  ./src/backlitLCD.o ./src/testperiph.o ./src/xintc_tapp_example.o ./src/xtmrctr_intr_example.o ./src/xtmrctr_selftest_example.o   -Wl,--start-group,-lxil,-lgcc,-lc,--end-group
Finished building target: backlitLCD_Demo.elf
 
Invoking: MicroBlaze Print Size
mb-size backlitLCD_Demo.elf  |tee "backlitLCD_Demo.elf.size"
   text	   data	    bss	    dec	    hex	filename
   6196	    320	   2084	   8600	   2198	backlitLCD_Demo.elf
Finished building: backlitLCD_Demo.elf.size
 
15:14:27 **** Incremental Build of configuration Release for project backlitLCD_Demo ****
make all 
make: Nothing to be done for `all'.
15:14:49 **** Auto Build of configuration Release for project backlitLCD_Demo ****
make all 
Building file: ../src/backlitLCD.c
Invoking: MicroBlaze gcc compiler
mb-gcc -Wall -O2 -c -fmessage-length=0 -I../../backlitLCD_Demo_bsp/microblaze_0/include -mlittle-endian -mcpu=v9.3 -mxl-soft-mul -Wl,--no-relax -ffunction-sections -fdata-sections -MMD -MP -MF"src/backlitLCD.d" -MT"src/backlitLCD.d" -o "src/backlitLCD.o" "../src/backlitLCD.c"
Finished building: ../src/backlitLCD.c
 
Building target: backlitLCD_Demo.elf
Invoking: MicroBlaze gcc linker
mb-gcc -Wl,-T -Wl,../src/lscript.ld -L../../backlitLCD_Demo_bsp/microblaze_0/lib -mlittle-endian -mcpu=v9.3 -mxl-soft-mul -Wl,--no-relax -Wl,--gc-sections -o "backlitLCD_Demo.elf"  ./src/backlitLCD.o ./src/testperiph.o ./src/xintc_tapp_example.o ./src/xtmrctr_intr_example.o ./src/xtmrctr_selftest_example.o   -Wl,--start-group,-lxil,-lgcc,-lc,--end-group
Finished building target: backlitLCD_Demo.elf
 
Invoking: MicroBlaze Print Size
mb-size backlitLCD_Demo.elf  |tee "backlitLCD_Demo.elf.size"
   text	   data	    bss	    dec	    hex	filename
   6196	    320	   2084	   8600	   2198	backlitLCD_Demo.elf
Finished building: backlitLCD_Demo.elf.size
 
15:14:52 **** Incremental Build of configuration Release for project backlitLCD_Demo ****
make all 
make: Nothing to be done for `all'.
15:15:14 **** Auto Build of configuration Release for project backlitLCD_Demo ****
make all 
Building file: ../src/backlitLCD.c
Invoking: MicroBlaze gcc compiler
mb-gcc -Wall -O2 -c -fmessage-length=0 -I../../backlitLCD_Demo_bsp/microblaze_0/include -mlittle-endian -mcpu=v9.3 -mxl-soft-mul -Wl,--no-relax -ffunction-sections -fdata-sections -MMD -MP -MF"src/backlitLCD.d" -MT"src/backlitLCD.d" -o "src/backlitLCD.o" "../src/backlitLCD.c"
Finished building: ../src/backlitLCD.c
 
Building target: backlitLCD_Demo.elf
Invoking: MicroBlaze gcc linker
mb-gcc -Wl,-T -Wl,../src/lscript.ld -L../../backlitLCD_Demo_bsp/microblaze_0/lib -mlittle-endian -mcpu=v9.3 -mxl-soft-mul -Wl,--no-relax -Wl,--gc-sections -o "backlitLCD_Demo.elf"  ./src/backlitLCD.o ./src/testperiph.o ./src/xintc_tapp_example.o ./src/xtmrctr_intr_example.o ./src/xtmrctr_selftest_example.o   -Wl,--start-group,-lxil,-lgcc,-lc,--end-group
Finished building target: backlitLCD_Demo.elf
 
Invoking: MicroBlaze Print Size
mb-size backlitLCD_Demo.elf  |tee "backlitLCD_Demo.elf.size"
   text	   data	    bss	    dec	    hex	filename
   6196	    320	   2084	   8600	   2198	backlitLCD_Demo.elf
Finished building: backlitLCD_Demo.elf.size
 
15:15:17 **** Incremental Build of configuration Release for project backlitLCD_Demo ****
make all 
make: Nothing to be done for `all'.
15:16:21 **** Auto Build of configuration Release for project backlitLCD_Demo ****
make all 
Building file: ../src/backlitLCD.c
Invoking: MicroBlaze gcc compiler
mb-gcc -Wall -O2 -c -fmessage-length=0 -I../../backlitLCD_Demo_bsp/microblaze_0/include -mlittle-endian -mcpu=v9.3 -mxl-soft-mul -Wl,--no-relax -ffunction-sections -fdata-sections -MMD -MP -MF"src/backlitLCD.d" -MT"src/backlitLCD.d" -o "src/backlitLCD.o" "../src/backlitLCD.c"
Finished building: ../src/backlitLCD.c
 
Building target: backlitLCD_Demo.elf
Invoking: MicroBlaze gcc linker
mb-gcc -Wl,-T -Wl,../src/lscript.ld -L../../backlitLCD_Demo_bsp/microblaze_0/lib -mlittle-endian -mcpu=v9.3 -mxl-soft-mul -Wl,--no-relax -Wl,--gc-sections -o "backlitLCD_Demo.elf"  ./src/backlitLCD.o ./src/testperiph.o ./src/xintc_tapp_example.o ./src/xtmrctr_intr_example.o ./src/xtmrctr_selftest_example.o   -Wl,--start-group,-lxil,-lgcc,-lc,--end-group
Finished building target: backlitLCD_Demo.elf
 
Invoking: MicroBlaze Print Size
mb-size backlitLCD_Demo.elf  |tee "backlitLCD_Demo.elf.size"
   text	   data	    bss	    dec	    hex	filename
   6356	    320	   2084	   8760	   2238	backlitLCD_Demo.elf
Finished building: backlitLCD_Demo.elf.size
 
15:16:24 **** Incremental Build of configuration Release for project backlitLCD_Demo ****
make all 
make: Nothing to be done for `all'.
15:17:41 **** Auto Build of configuration Release for project backlitLCD_Demo ****
make all 
Building file: ../src/testperiph.c
Invoking: MicroBlaze gcc compiler
mb-gcc -Wall -O2 -c -fmessage-length=0 -I../../backlitLCD_Demo_bsp/microblaze_0/include -mlittle-endian -mcpu=v9.3 -mxl-soft-mul -Wl,--no-relax -ffunction-sections -fdata-sections -MMD -MP -MF"src/testperiph.d" -MT"src/testperiph.d" -o "src/testperiph.o" "../src/testperiph.c"
../src/testperiph.c: In function 'main':
../src/testperiph.c:43:19: warning: unused variable 'axi_timer_0_Timer' [-Wunused-variable]
    static XTmrCtr axi_timer_0_Timer;
                   ^
../src/testperiph.c:42:17: warning: unused variable 'intc' [-Wunused-variable]
    static XIntc intc;
                 ^
Finished building: ../src/testperiph.c
 
Building target: backlitLCD_Demo.elf
Invoking: MicroBlaze gcc linker
mb-gcc -Wl,-T -Wl,../src/lscript.ld -L../../backlitLCD_Demo_bsp/microblaze_0/lib -mlittle-endian -mcpu=v9.3 -mxl-soft-mul -Wl,--no-relax -Wl,--gc-sections -o "backlitLCD_Demo.elf"  ./src/backlitLCD.o ./src/testperiph.o ./src/xintc_tapp_example.o ./src/xtmrctr_intr_example.o ./src/xtmrctr_selftest_example.o   -Wl,--start-group,-lxil,-lgcc,-lc,--end-group
Finished building target: backlitLCD_Demo.elf
 
Invoking: MicroBlaze Print Size
mb-size backlitLCD_Demo.elf  |tee "backlitLCD_Demo.elf.size"
   text	   data	    bss	    dec	    hex	filename
   6348	    320	   2084	   8752	   2230	backlitLCD_Demo.elf
Finished building: backlitLCD_Demo.elf.size
 
15:17:43 **** Incremental Build of configuration Release for project backlitLCD_Demo ****
make all 
make: Nothing to be done for `all'.
15:18:00 **** Auto Build of configuration Release for project backlitLCD_Demo ****
make all 
Building file: ../src/backlitLCD.c
Invoking: MicroBlaze gcc compiler
mb-gcc -Wall -O2 -c -fmessage-length=0 -I../../backlitLCD_Demo_bsp/microblaze_0/include -mlittle-endian -mcpu=v9.3 -mxl-soft-mul -Wl,--no-relax -ffunction-sections -fdata-sections -MMD -MP -MF"src/backlitLCD.d" -MT"src/backlitLCD.d" -o "src/backlitLCD.o" "../src/backlitLCD.c"
Finished building: ../src/backlitLCD.c
 
Building target: backlitLCD_Demo.elf
Invoking: MicroBlaze gcc linker
mb-gcc -Wl,-T -Wl,../src/lscript.ld -L../../backlitLCD_Demo_bsp/microblaze_0/lib -mlittle-endian -mcpu=v9.3 -mxl-soft-mul -Wl,--no-relax -Wl,--gc-sections -o "backlitLCD_Demo.elf"  ./src/backlitLCD.o ./src/testperiph.o ./src/xintc_tapp_example.o ./src/xtmrctr_intr_example.o ./src/xtmrctr_selftest_example.o   -Wl,--start-group,-lxil,-lgcc,-lc,--end-group
Finished building target: backlitLCD_Demo.elf
 
Invoking: MicroBlaze Print Size
mb-size backlitLCD_Demo.elf  |tee "backlitLCD_Demo.elf.size"
   text	   data	    bss	    dec	    hex	filename
   6352	    320	   2080	   8752	   2230	backlitLCD_Demo.elf
Finished building: backlitLCD_Demo.elf.size
 
15:18:21 **** Auto Build of configuration Release for project backlitLCD_Demo ****
make all 
Building file: ../src/testperiph.c
Invoking: MicroBlaze gcc compiler
mb-gcc -Wall -O2 -c -fmessage-length=0 -I../../backlitLCD_Demo_bsp/microblaze_0/include -mlittle-endian -mcpu=v9.3 -mxl-soft-mul -Wl,--no-relax -ffunction-sections -fdata-sections -MMD -MP -MF"src/testperiph.d" -MT"src/testperiph.d" -o "src/testperiph.o" "../src/testperiph.c"
../src/testperiph.c: In function 'main':
../src/testperiph.c:43:19: warning: unused variable 'axi_timer_0_Timer' [-Wunused-variable]
    static XTmrCtr axi_timer_0_Timer;
                   ^
../src/testperiph.c:42:17: warning: unused variable 'intc' [-Wunused-variable]
    static XIntc intc;
                 ^
Finished building: ../src/testperiph.c
 
Building target: backlitLCD_Demo.elf
Invoking: MicroBlaze gcc linker
mb-gcc -Wl,-T -Wl,../src/lscript.ld -L../../backlitLCD_Demo_bsp/microblaze_0/lib -mlittle-endian -mcpu=v9.3 -mxl-soft-mul -Wl,--no-relax -Wl,--gc-sections -o "backlitLCD_Demo.elf"  ./src/backlitLCD.o ./src/testperiph.o ./src/xintc_tapp_example.o ./src/xtmrctr_intr_example.o ./src/xtmrctr_selftest_example.o   -Wl,--start-group,-lxil,-lgcc,-lc,--end-group
Finished building target: backlitLCD_Demo.elf
 
Invoking: MicroBlaze Print Size
mb-size backlitLCD_Demo.elf  |tee "backlitLCD_Demo.elf.size"
   text	   data	    bss	    dec	    hex	filename
   6352	    320	   2080	   8752	   2230	backlitLCD_Demo.elf
Finished building: backlitLCD_Demo.elf.size
 
15:18:23 **** Incremental Build of configuration Release for project backlitLCD_Demo ****
make all 
make: Nothing to be done for `all'.
15:18:57 **** Auto Build of configuration Release for project backlitLCD_Demo ****
make all 
Building file: ../src/testperiph.c
Invoking: MicroBlaze gcc compiler
mb-gcc -Wall -O2 -c -fmessage-length=0 -I../../backlitLCD_Demo_bsp/microblaze_0/include -mlittle-endian -mcpu=v9.3 -mxl-soft-mul -Wl,--no-relax -ffunction-sections -fdata-sections -MMD -MP -MF"src/testperiph.d" -MT"src/testperiph.d" -o "src/testperiph.o" "../src/testperiph.c"
../src/testperiph.c: In function 'main':
../src/testperiph.c:43:19: warning: unused variable 'axi_timer_0_Timer' [-Wunused-variable]
    static XTmrCtr axi_timer_0_Timer;
                   ^
../src/testperiph.c:42:17: warning: unused variable 'intc' [-Wunused-variable]
    static XIntc intc;
                 ^
Finished building: ../src/testperiph.c
 
Building target: backlitLCD_Demo.elf
Invoking: MicroBlaze gcc linker
mb-gcc -Wl,-T -Wl,../src/lscript.ld -L../../backlitLCD_Demo_bsp/microblaze_0/lib -mlittle-endian -mcpu=v9.3 -mxl-soft-mul -Wl,--no-relax -Wl,--gc-sections -o "backlitLCD_Demo.elf"  ./src/backlitLCD.o ./src/testperiph.o ./src/xintc_tapp_example.o ./src/xtmrctr_intr_example.o ./src/xtmrctr_selftest_example.o   -Wl,--start-group,-lxil,-lgcc,-lc,--end-group
Finished building target: backlitLCD_Demo.elf
 
Invoking: MicroBlaze Print Size
mb-size backlitLCD_Demo.elf  |tee "backlitLCD_Demo.elf.size"
   text	   data	    bss	    dec	    hex	filename
   6352	    320	   2080	   8752	   2230	backlitLCD_Demo.elf
Finished building: backlitLCD_Demo.elf.size
 
15:18:59 **** Incremental Build of configuration Release for project backlitLCD_Demo ****
make all 
make: Nothing to be done for `all'.
15:19:23 **** Auto Build of configuration Release for project backlitLCD_Demo ****
make all 
Building file: ../src/testperiph.c
Invoking: MicroBlaze gcc compiler
mb-gcc -Wall -O2 -c -fmessage-length=0 -I../../backlitLCD_Demo_bsp/microblaze_0/include -mlittle-endian -mcpu=v9.3 -mxl-soft-mul -Wl,--no-relax -ffunction-sections -fdata-sections -MMD -MP -MF"src/testperiph.d" -MT"src/testperiph.d" -o "src/testperiph.o" "../src/testperiph.c"
../src/testperiph.c: In function 'main':
../src/testperiph.c:43:19: warning: unused variable 'axi_timer_0_Timer' [-Wunused-variable]
    static XTmrCtr axi_timer_0_Timer;
                   ^
../src/testperiph.c:42:17: warning: unused variable 'intc' [-Wunused-variable]
    static XIntc intc;
                 ^
Finished building: ../src/testperiph.c
 
Building target: backlitLCD_Demo.elf
Invoking: MicroBlaze gcc linker
mb-gcc -Wl,-T -Wl,../src/lscript.ld -L../../backlitLCD_Demo_bsp/microblaze_0/lib -mlittle-endian -mcpu=v9.3 -mxl-soft-mul -Wl,--no-relax -Wl,--gc-sections -o "backlitLCD_Demo.elf"  ./src/backlitLCD.o ./src/testperiph.o ./src/xintc_tapp_example.o ./src/xtmrctr_intr_example.o ./src/xtmrctr_selftest_example.o   -Wl,--start-group,-lxil,-lgcc,-lc,--end-group
Finished building target: backlitLCD_Demo.elf
 
Invoking: MicroBlaze Print Size
mb-size backlitLCD_Demo.elf  |tee "backlitLCD_Demo.elf.size"
   text	   data	    bss	    dec	    hex	filename
   6360	    320	   2080	   8760	   2238	backlitLCD_Demo.elf
Finished building: backlitLCD_Demo.elf.size
 
15:19:26 **** Incremental Build of configuration Release for project backlitLCD_Demo ****
make all 
make: Nothing to be done for `all'.
10:40:43 **** Auto Build of configuration Release for project backlitLCD_Demo ****
make all 
Building file: ../src/backlitLCD.c
Invoking: MicroBlaze gcc compiler
mb-gcc -Wall -O2 -c -fmessage-length=0 -I../../backlitLCD_Demo_bsp/microblaze_0/include -mlittle-endian -mcpu=v9.3 -mxl-soft-mul -Wl,--no-relax -ffunction-sections -fdata-sections -MMD -MP -MF"src/backlitLCD.d" -MT"src/backlitLCD.d" -o "src/backlitLCD.o" "../src/backlitLCD.c"
Finished building: ../src/backlitLCD.c
 
Building target: backlitLCD_Demo.elf
Invoking: MicroBlaze gcc linker
mb-gcc -Wl,-T -Wl,../src/lscript.ld -L../../backlitLCD_Demo_bsp/microblaze_0/lib -mlittle-endian -mcpu=v9.3 -mxl-soft-mul -Wl,--no-relax -Wl,--gc-sections -o "backlitLCD_Demo.elf"  ./src/backlitLCD.o ./src/testperiph.o ./src/xintc_tapp_example.o ./src/xtmrctr_intr_example.o ./src/xtmrctr_selftest_example.o   -Wl,--start-group,-lxil,-lgcc,-lc,--end-group
Finished building target: backlitLCD_Demo.elf
 
Invoking: MicroBlaze Print Size
mb-size backlitLCD_Demo.elf  |tee "backlitLCD_Demo.elf.size"
   text	   data	    bss	    dec	    hex	filename
   6372	    320	   2084	   8776	   2248	backlitLCD_Demo.elf
Finished building: backlitLCD_Demo.elf.size
 
10:41:06 **** Auto Build of configuration Release for project backlitLCD_Demo ****
make all 
Building file: ../src/testperiph.c
Invoking: MicroBlaze gcc compiler
mb-gcc -Wall -O2 -c -fmessage-length=0 -I../../backlitLCD_Demo_bsp/microblaze_0/include -mlittle-endian -mcpu=v9.3 -mxl-soft-mul -Wl,--no-relax -ffunction-sections -fdata-sections -MMD -MP -MF"src/testperiph.d" -MT"src/testperiph.d" -o "src/testperiph.o" "../src/testperiph.c"
../src/testperiph.c: In function 'main':
../src/testperiph.c:43:19: warning: unused variable 'axi_timer_0_Timer' [-Wunused-variable]
    static XTmrCtr axi_timer_0_Timer;
                   ^
../src/testperiph.c:42:17: warning: unused variable 'intc' [-Wunused-variable]
    static XIntc intc;
                 ^
Finished building: ../src/testperiph.c
 
Building target: backlitLCD_Demo.elf
Invoking: MicroBlaze gcc linker
mb-gcc -Wl,-T -Wl,../src/lscript.ld -L../../backlitLCD_Demo_bsp/microblaze_0/lib -mlittle-endian -mcpu=v9.3 -mxl-soft-mul -Wl,--no-relax -Wl,--gc-sections -o "backlitLCD_Demo.elf"  ./src/backlitLCD.o ./src/testperiph.o ./src/xintc_tapp_example.o ./src/xtmrctr_intr_example.o ./src/xtmrctr_selftest_example.o   -Wl,--start-group,-lxil,-lgcc,-lc,--end-group
Finished building target: backlitLCD_Demo.elf
 
Invoking: MicroBlaze Print Size
mb-size backlitLCD_Demo.elf  |tee "backlitLCD_Demo.elf.size"
   text	   data	    bss	    dec	    hex	filename
   6364	    320	   2084	   8768	   2240	backlitLCD_Demo.elf
Finished building: backlitLCD_Demo.elf.size
 
10:45:47 **** Incremental Build of configuration Release for project backlitLCD_Demo ****
make all 
make: Nothing to be done for `all'.
10:45:59 **** Auto Build of project backlitLCD_Demo_bsp ****
make -k all 
Running Make include in microblaze_0/libsrc/bram_v4_0/src
make -C microblaze_0/libsrc/bram_v4_0/src -s include -e "SHELL=/bin/sh" "COMPILER=mb-gcc" "ARCHIVER=mb-ar" "COMPILER_FLAGS= -O2 -c -mcpu=v9.3 -mlittle-endian -mxl-soft-mul" "EXTRA_COMPILER_FLAGS=-g -ffunction-sections -fdata-sections"
Running Make include in microblaze_0/libsrc/cpu_v2_0/src
make -C microblaze_0/libsrc/cpu_v2_0/src -s include -e "SHELL=/bin/sh" "COMPILER=mb-gcc" "ARCHIVER=mb-ar" "COMPILER_FLAGS= -O2 -c -mcpu=v9.3 -mlittle-endian -mxl-soft-mul" "EXTRA_COMPILER_FLAGS=-g -ffunction-sections -fdata-sections"
Running Make include in microblaze_0/libsrc/intc_v3_0/src
make -C microblaze_0/libsrc/intc_v3_0/src -s include -e "SHELL=/bin/sh" "COMPILER=mb-gcc" "ARCHIVER=mb-ar" "COMPILER_FLAGS= -O2 -c -mcpu=v9.3 -mlittle-endian -mxl-soft-mul" "EXTRA_COMPILER_FLAGS=-g -ffunction-sections -fdata-sections"
Running Make include in microblaze_0/libsrc/standalone_v4_0/src
make -C microblaze_0/libsrc/standalone_v4_0/src -s include -e "SHELL=/bin/sh" "COMPILER=mb-gcc" "ARCHIVER=mb-ar" "COMPILER_FLAGS= -O2 -c -mcpu=v9.3 -mlittle-endian -mxl-soft-mul" "EXTRA_COMPILER_FLAGS=-g -ffunction-sections -fdata-sections"
make[2]: Entering directory `/usr9/research/chsegal/Documents/ECE153A/Artix7/lab3/backlitNibble/backlitNibble.sdk/SDK/SDK_Export/backlitLCD_Demo_bsp/microblaze_0/libsrc/standalone_v4_0/src/profile'
cp -rf profile.h mblaze_nt_types.h _profile_timer_hw.h ../../../../include
make[2]: Leaving directory `/usr9/research/chsegal/Documents/ECE153A/Artix7/lab3/backlitNibble/backlitNibble.sdk/SDK/SDK_Export/backlitLCD_Demo_bsp/microblaze_0/libsrc/standalone_v4_0/src/profile'
Running Make include in microblaze_0/libsrc/tmrctr_v3_0/src
make -C microblaze_0/libsrc/tmrctr_v3_0/src -s include -e "SHELL=/bin/sh" "COMPILER=mb-gcc" "ARCHIVER=mb-ar" "COMPILER_FLAGS= -O2 -c -mcpu=v9.3 -mlittle-endian -mxl-soft-mul" "EXTRA_COMPILER_FLAGS=-g -ffunction-sections -fdata-sections"
Running Make include in microblaze_0/libsrc/uartlite_v3_0/src
make -C microblaze_0/libsrc/uartlite_v3_0/src -s include -e "SHELL=/bin/sh" "COMPILER=mb-gcc" "ARCHIVER=mb-ar" "COMPILER_FLAGS= -O2 -c -mcpu=v9.3 -mlittle-endian -mxl-soft-mul" "EXTRA_COMPILER_FLAGS=-g -ffunction-sections -fdata-sections"
Running Make libs in microblaze_0/libsrc/bram_v4_0/src
make -C microblaze_0/libsrc/bram_v4_0/src -s libs -e "SHELL=/bin/sh" "COMPILER=mb-gcc" "ARCHIVER=mb-ar" "COMPILER_FLAGS= -O2 -c -mcpu=v9.3 -mlittle-endian -mxl-soft-mul" "EXTRA_COMPILER_FLAGS=-g -ffunction-sections -fdata-sections"
Compiling bram
make[2]: Entering directory `/usr9/research/chsegal/Documents/ECE153A/Artix7/lab3/backlitNibble/backlitNibble.sdk/SDK/SDK_Export/backlitLCD_Demo_bsp/microblaze_0/libsrc/bram_v4_0/src'
rm -rf *.o 
make[2]: Leaving directory `/usr9/research/chsegal/Documents/ECE153A/Artix7/lab3/backlitNibble/backlitNibble.sdk/SDK/SDK_Export/backlitLCD_Demo_bsp/microblaze_0/libsrc/bram_v4_0/src'
Running Make libs in microblaze_0/libsrc/cpu_v2_0/src
make -C microblaze_0/libsrc/cpu_v2_0/src -s libs -e "SHELL=/bin/sh" "COMPILER=mb-gcc" "ARCHIVER=mb-ar" "COMPILER_FLAGS= -O2 -c -mcpu=v9.3 -mlittle-endian -mxl-soft-mul" "EXTRA_COMPILER_FLAGS=-g -ffunction-sections -fdata-sections"
Compiling cpu
make[2]: Entering directory `/usr9/research/chsegal/Documents/ECE153A/Artix7/lab3/backlitNibble/backlitNibble.sdk/SDK/SDK_Export/backlitLCD_Demo_bsp/microblaze_0/libsrc/cpu_v2_0/src'
rm -rf *.o
make[2]: Leaving directory `/usr9/research/chsegal/Documents/ECE153A/Artix7/lab3/backlitNibble/backlitNibble.sdk/SDK/SDK_Export/backlitLCD_Demo_bsp/microblaze_0/libsrc/cpu_v2_0/src'
Running Make libs in microblaze_0/libsrc/intc_v3_0/src
make -C microblaze_0/libsrc/intc_v3_0/src -s libs -e "SHELL=/bin/sh" "COMPILER=mb-gcc" "ARCHIVER=mb-ar" "COMPILER_FLAGS= -O2 -c -mcpu=v9.3 -mlittle-endian -mxl-soft-mul" "EXTRA_COMPILER_FLAGS=-g -ffunction-sections -fdata-sections"
Compiling intc
make[2]: Entering directory `/usr9/research/chsegal/Documents/ECE153A/Artix7/lab3/backlitNibble/backlitNibble.sdk/SDK/SDK_Export/backlitLCD_Demo_bsp/microblaze_0/libsrc/intc_v3_0/src'
rm -rf *.o 
make[2]: Leaving directory `/usr9/research/chsegal/Documents/ECE153A/Artix7/lab3/backlitNibble/backlitNibble.sdk/SDK/SDK_Export/backlitLCD_Demo_bsp/microblaze_0/libsrc/intc_v3_0/src'
Running Make libs in microblaze_0/libsrc/standalone_v4_0/src
make -C microblaze_0/libsrc/standalone_v4_0/src -s libs -e "SHELL=/bin/sh" "COMPILER=mb-gcc" "ARCHIVER=mb-ar" "COMPILER_FLAGS= -O2 -c -mcpu=v9.3 -mlittle-endian -mxl-soft-mul" "EXTRA_COMPILER_FLAGS=-g -ffunction-sections -fdata-sections"
Compiling standalone
Running Make libs in microblaze_0/libsrc/tmrctr_v3_0/src
make -C microblaze_0/libsrc/tmrctr_v3_0/src -s libs -e "SHELL=/bin/sh" "COMPILER=mb-gcc" "ARCHIVER=mb-ar" "COMPILER_FLAGS= -O2 -c -mcpu=v9.3 -mlittle-endian -mxl-soft-mul" "EXTRA_COMPILER_FLAGS=-g -ffunction-sections -fdata-sections"
Compiling tmrctr
make[2]: Entering directory `/usr9/research/chsegal/Documents/ECE153A/Artix7/lab3/backlitNibble/backlitNibble.sdk/SDK/SDK_Export/backlitLCD_Demo_bsp/microblaze_0/libsrc/tmrctr_v3_0/src'
rm -rf *.o 
make[2]: Leaving directory `/usr9/research/chsegal/Documents/ECE153A/Artix7/lab3/backlitNibble/backlitNibble.sdk/SDK/SDK_Export/backlitLCD_Demo_bsp/microblaze_0/libsrc/tmrctr_v3_0/src'
Running Make libs in microblaze_0/libsrc/uartlite_v3_0/src
make -C microblaze_0/libsrc/uartlite_v3_0/src -s libs -e "SHELL=/bin/sh" "COMPILER=mb-gcc" "ARCHIVER=mb-ar" "COMPILER_FLAGS= -O2 -c -mcpu=v9.3 -mlittle-endian -mxl-soft-mul" "EXTRA_COMPILER_FLAGS=-g -ffunction-sections -fdata-sections"
Compiling uartlite
make[2]: Entering directory `/usr9/research/chsegal/Documents/ECE153A/Artix7/lab3/backlitNibble/backlitNibble.sdk/SDK/SDK_Export/backlitLCD_Demo_bsp/microblaze_0/libsrc/uartlite_v3_0/src'
rm -rf *.o 
make[2]: Leaving directory `/usr9/research/chsegal/Documents/ECE153A/Artix7/lab3/backlitNibble/backlitNibble.sdk/SDK/SDK_Export/backlitLCD_Demo_bsp/microblaze_0/libsrc/uartlite_v3_0/src'
Finished building libraries
10:46:05 **** Auto Build of configuration Release for project backlitLCD_Demo ****
make all 
make: Nothing to be done for `all'.
10:46:16 **** Incremental Build of configuration Release for project backlitLCD_Demo ****
make all 
make: Nothing to be done for `all'.
10:46:22 **** Auto Build of configuration Release for project backlitLCD_Demo ****
make all 
Building file: ../src/backlitLCD.c
Invoking: MicroBlaze gcc compiler
mb-gcc -Wall -O2 -c -fmessage-length=0 -I../../backlitLCD_Demo_bsp/microblaze_0/include -mlittle-endian -mcpu=v9.3 -mxl-soft-mul -Wl,--no-relax -ffunction-sections -fdata-sections -MMD -MP -MF"src/backlitLCD.d" -MT"src/backlitLCD.d" -o "src/backlitLCD.o" "../src/backlitLCD.c"
Finished building: ../src/backlitLCD.c
 
Building target: backlitLCD_Demo.elf
Invoking: MicroBlaze gcc linker
mb-gcc -Wl,-T -Wl,../src/lscript.ld -L../../backlitLCD_Demo_bsp/microblaze_0/lib -mlittle-endian -mcpu=v9.3 -mxl-soft-mul -Wl,--no-relax -Wl,--gc-sections -o "backlitLCD_Demo.elf"  ./src/backlitLCD.o ./src/testperiph.o ./src/xintc_tapp_example.o ./src/xtmrctr_intr_example.o ./src/xtmrctr_selftest_example.o   -Wl,--start-group,-lxil,-lgcc,-lc,--end-group
Finished building target: backlitLCD_Demo.elf
 
Invoking: MicroBlaze Print Size
mb-size backlitLCD_Demo.elf  |tee "backlitLCD_Demo.elf.size"
   text	   data	    bss	    dec	    hex	filename
   6364	    320	   2084	   8768	   2240	backlitLCD_Demo.elf
Finished building: backlitLCD_Demo.elf.size
 
10:46:26 **** Incremental Build of configuration Release for project backlitLCD_Demo ****
make all 
make: Nothing to be done for `all'.
10:48:02 **** Auto Build of configuration Release for project backlitLCD_Demo ****
make all 
Building file: ../src/backlitLCD.c
Invoking: MicroBlaze gcc compiler
mb-gcc -Wall -O2 -c -fmessage-length=0 -I../../backlitLCD_Demo_bsp/microblaze_0/include -mlittle-endian -mcpu=v9.3 -mxl-soft-mul -Wl,--no-relax -ffunction-sections -fdata-sections -MMD -MP -MF"src/backlitLCD.d" -MT"src/backlitLCD.d" -o "src/backlitLCD.o" "../src/backlitLCD.c"
Finished building: ../src/backlitLCD.c
 
Building target: backlitLCD_Demo.elf
Invoking: MicroBlaze gcc linker
mb-gcc -Wl,-T -Wl,../src/lscript.ld -L../../backlitLCD_Demo_bsp/microblaze_0/lib -mlittle-endian -mcpu=v9.3 -mxl-soft-mul -Wl,--no-relax -Wl,--gc-sections -o "backlitLCD_Demo.elf"  ./src/backlitLCD.o ./src/testperiph.o ./src/xintc_tapp_example.o ./src/xtmrctr_intr_example.o ./src/xtmrctr_selftest_example.o   -Wl,--start-group,-lxil,-lgcc,-lc,--end-group
Finished building target: backlitLCD_Demo.elf
 
Invoking: MicroBlaze Print Size
mb-size backlitLCD_Demo.elf  |tee "backlitLCD_Demo.elf.size"
   text	   data	    bss	    dec	    hex	filename
   6372	    320	   2084	   8776	   2248	backlitLCD_Demo.elf
Finished building: backlitLCD_Demo.elf.size
 
10:48:07 **** Incremental Build of configuration Release for project backlitLCD_Demo ****
make all 
make: Nothing to be done for `all'.
10:48:47 **** Auto Build of configuration Release for project backlitLCD_Demo ****
make all 
Building file: ../src/backlitLCD.c
Invoking: MicroBlaze gcc compiler
mb-gcc -Wall -O2 -c -fmessage-length=0 -I../../backlitLCD_Demo_bsp/microblaze_0/include -mlittle-endian -mcpu=v9.3 -mxl-soft-mul -Wl,--no-relax -ffunction-sections -fdata-sections -MMD -MP -MF"src/backlitLCD.d" -MT"src/backlitLCD.d" -o "src/backlitLCD.o" "../src/backlitLCD.c"
Finished building: ../src/backlitLCD.c
 
Building target: backlitLCD_Demo.elf
Invoking: MicroBlaze gcc linker
mb-gcc -Wl,-T -Wl,../src/lscript.ld -L../../backlitLCD_Demo_bsp/microblaze_0/lib -mlittle-endian -mcpu=v9.3 -mxl-soft-mul -Wl,--no-relax -Wl,--gc-sections -o "backlitLCD_Demo.elf"  ./src/backlitLCD.o ./src/testperiph.o ./src/xintc_tapp_example.o ./src/xtmrctr_intr_example.o ./src/xtmrctr_selftest_example.o   -Wl,--start-group,-lxil,-lgcc,-lc,--end-group
Finished building target: backlitLCD_Demo.elf
 
Invoking: MicroBlaze Print Size
mb-size backlitLCD_Demo.elf  |tee "backlitLCD_Demo.elf.size"
   text	   data	    bss	    dec	    hex	filename
   6372	    320	   2084	   8776	   2248	backlitLCD_Demo.elf
Finished building: backlitLCD_Demo.elf.size
 
10:48:51 **** Incremental Build of configuration Release for project backlitLCD_Demo ****
make all 
make: Nothing to be done for `all'.
10:49:02 **** Auto Build of configuration Release for project backlitLCD_Demo ****
make all 
Building file: ../src/backlitLCD.c
Invoking: MicroBlaze gcc compiler
mb-gcc -Wall -O2 -c -fmessage-length=0 -I../../backlitLCD_Demo_bsp/microblaze_0/include -mlittle-endian -mcpu=v9.3 -mxl-soft-mul -Wl,--no-relax -ffunction-sections -fdata-sections -MMD -MP -MF"src/backlitLCD.d" -MT"src/backlitLCD.d" -o "src/backlitLCD.o" "../src/backlitLCD.c"
Finished building: ../src/backlitLCD.c
 
Building target: backlitLCD_Demo.elf
Invoking: MicroBlaze gcc linker
mb-gcc -Wl,-T -Wl,../src/lscript.ld -L../../backlitLCD_Demo_bsp/microblaze_0/lib -mlittle-endian -mcpu=v9.3 -mxl-soft-mul -Wl,--no-relax -Wl,--gc-sections -o "backlitLCD_Demo.elf"  ./src/backlitLCD.o ./src/testperiph.o ./src/xintc_tapp_example.o ./src/xtmrctr_intr_example.o ./src/xtmrctr_selftest_example.o   -Wl,--start-group,-lxil,-lgcc,-lc,--end-group
Finished building target: backlitLCD_Demo.elf
 
Invoking: MicroBlaze Print Size
mb-size backlitLCD_Demo.elf  |tee "backlitLCD_Demo.elf.size"
   text	   data	    bss	    dec	    hex	filename
   6372	    320	   2084	   8776	   2248	backlitLCD_Demo.elf
Finished building: backlitLCD_Demo.elf.size
 
10:49:04 **** Incremental Build of configuration Release for project backlitLCD_Demo ****
make all 
make: Nothing to be done for `all'.
10:54:21 **** Auto Build of configuration Release for project backlitLCD_Demo ****
make all 
Building file: ../src/backlitLCD.c
Invoking: MicroBlaze gcc compiler
mb-gcc -Wall -O2 -c -fmessage-length=0 -I../../backlitLCD_Demo_bsp/microblaze_0/include -mlittle-endian -mcpu=v9.3 -mxl-soft-mul -Wl,--no-relax -ffunction-sections -fdata-sections -MMD -MP -MF"src/backlitLCD.d" -MT"src/backlitLCD.d" -o "src/backlitLCD.o" "../src/backlitLCD.c"
Finished building: ../src/backlitLCD.c
 
Building target: backlitLCD_Demo.elf
Invoking: MicroBlaze gcc linker
mb-gcc -Wl,-T -Wl,../src/lscript.ld -L../../backlitLCD_Demo_bsp/microblaze_0/lib -mlittle-endian -mcpu=v9.3 -mxl-soft-mul -Wl,--no-relax -Wl,--gc-sections -o "backlitLCD_Demo.elf"  ./src/backlitLCD.o ./src/testperiph.o ./src/xintc_tapp_example.o ./src/xtmrctr_intr_example.o ./src/xtmrctr_selftest_example.o   -Wl,--start-group,-lxil,-lgcc,-lc,--end-group
Finished building target: backlitLCD_Demo.elf
 
Invoking: MicroBlaze Print Size
mb-size backlitLCD_Demo.elf  |tee "backlitLCD_Demo.elf.size"
   text	   data	    bss	    dec	    hex	filename
   6436	    320	   2084	   8840	   2288	backlitLCD_Demo.elf
Finished building: backlitLCD_Demo.elf.size
 
10:54:25 **** Incremental Build of configuration Release for project backlitLCD_Demo ****
make all 
make: Nothing to be done for `all'.
10:55:26 **** Auto Build of configuration Release for project backlitLCD_Demo ****
make all 
Building file: ../src/backlitLCD.c
Invoking: MicroBlaze gcc compiler
mb-gcc -Wall -O2 -c -fmessage-length=0 -I../../backlitLCD_Demo_bsp/microblaze_0/include -mlittle-endian -mcpu=v9.3 -mxl-soft-mul -Wl,--no-relax -ffunction-sections -fdata-sections -MMD -MP -MF"src/backlitLCD.d" -MT"src/backlitLCD.d" -o "src/backlitLCD.o" "../src/backlitLCD.c"
Finished building: ../src/backlitLCD.c
 
Building target: backlitLCD_Demo.elf
Invoking: MicroBlaze gcc linker
mb-gcc -Wl,-T -Wl,../src/lscript.ld -L../../backlitLCD_Demo_bsp/microblaze_0/lib -mlittle-endian -mcpu=v9.3 -mxl-soft-mul -Wl,--no-relax -Wl,--gc-sections -o "backlitLCD_Demo.elf"  ./src/backlitLCD.o ./src/testperiph.o ./src/xintc_tapp_example.o ./src/xtmrctr_intr_example.o ./src/xtmrctr_selftest_example.o   -Wl,--start-group,-lxil,-lgcc,-lc,--end-group
Finished building target: backlitLCD_Demo.elf
 
Invoking: MicroBlaze Print Size
mb-size backlitLCD_Demo.elf  |tee "backlitLCD_Demo.elf.size"
   text	   data	    bss	    dec	    hex	filename
   6480	    320	   2080	   8880	   22b0	backlitLCD_Demo.elf
Finished building: backlitLCD_Demo.elf.size
 
10:56:46 **** Auto Build of configuration Release for project backlitLCD_Demo ****
make all 
Building file: ../src/backlitLCD.c
Invoking: MicroBlaze gcc compiler
mb-gcc -Wall -O2 -c -fmessage-length=0 -I../../backlitLCD_Demo_bsp/microblaze_0/include -mlittle-endian -mcpu=v9.3 -mxl-soft-mul -Wl,--no-relax -ffunction-sections -fdata-sections -MMD -MP -MF"src/backlitLCD.d" -MT"src/backlitLCD.d" -o "src/backlitLCD.o" "../src/backlitLCD.c"
Finished building: ../src/backlitLCD.c
 
Building target: backlitLCD_Demo.elf
Invoking: MicroBlaze gcc linker
mb-gcc -Wl,-T -Wl,../src/lscript.ld -L../../backlitLCD_Demo_bsp/microblaze_0/lib -mlittle-endian -mcpu=v9.3 -mxl-soft-mul -Wl,--no-relax -Wl,--gc-sections -o "backlitLCD_Demo.elf"  ./src/backlitLCD.o ./src/testperiph.o ./src/xintc_tapp_example.o ./src/xtmrctr_intr_example.o ./src/xtmrctr_selftest_example.o   -Wl,--start-group,-lxil,-lgcc,-lc,--end-group
Finished building target: backlitLCD_Demo.elf
 
Invoking: MicroBlaze Print Size
mb-size backlitLCD_Demo.elf  |tee "backlitLCD_Demo.elf.size"
   text	   data	    bss	    dec	    hex	filename
   6628	    320	   2084	   9032	   2348	backlitLCD_Demo.elf
Finished building: backlitLCD_Demo.elf.size
 
10:56:50 **** Incremental Build of configuration Release for project backlitLCD_Demo ****
make all 
make: Nothing to be done for `all'.
10:59:00 **** Auto Build of configuration Release for project backlitLCD_Demo ****
make all 
Building file: ../src/backlitLCD.c
Invoking: MicroBlaze gcc compiler
mb-gcc -Wall -O2 -c -fmessage-length=0 -I../../backlitLCD_Demo_bsp/microblaze_0/include -mlittle-endian -mcpu=v9.3 -mxl-soft-mul -Wl,--no-relax -ffunction-sections -fdata-sections -MMD -MP -MF"src/backlitLCD.d" -MT"src/backlitLCD.d" -o "src/backlitLCD.o" "../src/backlitLCD.c"
Finished building: ../src/backlitLCD.c
 
Building target: backlitLCD_Demo.elf
Invoking: MicroBlaze gcc linker
mb-gcc -Wl,-T -Wl,../src/lscript.ld -L../../backlitLCD_Demo_bsp/microblaze_0/lib -mlittle-endian -mcpu=v9.3 -mxl-soft-mul -Wl,--no-relax -Wl,--gc-sections -o "backlitLCD_Demo.elf"  ./src/backlitLCD.o ./src/testperiph.o ./src/xintc_tapp_example.o ./src/xtmrctr_intr_example.o ./src/xtmrctr_selftest_example.o   -Wl,--start-group,-lxil,-lgcc,-lc,--end-group
Finished building target: backlitLCD_Demo.elf
 
Invoking: MicroBlaze Print Size
mb-size backlitLCD_Demo.elf  |tee "backlitLCD_Demo.elf.size"
   text	   data	    bss	    dec	    hex	filename
   6320	    320	   2080	   8720	   2210	backlitLCD_Demo.elf
Finished building: backlitLCD_Demo.elf.size
 
11:07:48 **** Auto Build of configuration Release for project backlitLCD_Demo ****
make all 
Building file: ../src/backlitLCD.c
Invoking: MicroBlaze gcc compiler
mb-gcc -Wall -O2 -c -fmessage-length=0 -I../../backlitLCD_Demo_bsp/microblaze_0/include -mlittle-endian -mcpu=v9.3 -mxl-soft-mul -Wl,--no-relax -ffunction-sections -fdata-sections -MMD -MP -MF"src/backlitLCD.d" -MT"src/backlitLCD.d" -o "src/backlitLCD.o" "../src/backlitLCD.c"
Finished building: ../src/backlitLCD.c
 
Building target: backlitLCD_Demo.elf
Invoking: MicroBlaze gcc linker
mb-gcc -Wl,-T -Wl,../src/lscript.ld -L../../backlitLCD_Demo_bsp/microblaze_0/lib -mlittle-endian -mcpu=v9.3 -mxl-soft-mul -Wl,--no-relax -Wl,--gc-sections -o "backlitLCD_Demo.elf"  ./src/backlitLCD.o ./src/testperiph.o ./src/xintc_tapp_example.o ./src/xtmrctr_intr_example.o ./src/xtmrctr_selftest_example.o   -Wl,--start-group,-lxil,-lgcc,-lc,--end-group
Finished building target: backlitLCD_Demo.elf
 
Invoking: MicroBlaze Print Size
mb-size backlitLCD_Demo.elf  |tee "backlitLCD_Demo.elf.size"
   text	   data	    bss	    dec	    hex	filename
   3324	    316	   2088	   5728	   1660	backlitLCD_Demo.elf
Finished building: backlitLCD_Demo.elf.size
 
11:07:51 **** Incremental Build of configuration Release for project backlitLCD_Demo ****
make all 
make: Nothing to be done for `all'.
11:20:23 **** Incremental Build of configuration Release for project backlitLCD_Demo ****
make all 
make: Nothing to be done for `all'.
11:20:45 **** Auto Build of configuration Release for project backlitLCD_Demo ****
make all 
Building file: ../src/backlitLCD.c
Invoking: MicroBlaze gcc compiler
mb-gcc -Wall -O2 -c -fmessage-length=0 -I../../backlitLCD_Demo_bsp/microblaze_0/include -mlittle-endian -mcpu=v9.3 -mxl-soft-mul -Wl,--no-relax -ffunction-sections -fdata-sections -MMD -MP -MF"src/backlitLCD.d" -MT"src/backlitLCD.d" -o "src/backlitLCD.o" "../src/backlitLCD.c"
Finished building: ../src/backlitLCD.c
 
Building target: backlitLCD_Demo.elf
Invoking: MicroBlaze gcc linker
mb-gcc -Wl,-T -Wl,../src/lscript.ld -L../../backlitLCD_Demo_bsp/microblaze_0/lib -mlittle-endian -mcpu=v9.3 -mxl-soft-mul -Wl,--no-relax -Wl,--gc-sections -o "backlitLCD_Demo.elf"  ./src/backlitLCD.o ./src/testperiph.o ./src/xintc_tapp_example.o ./src/xtmrctr_intr_example.o ./src/xtmrctr_selftest_example.o   -Wl,--start-group,-lxil,-lgcc,-lc,--end-group
Finished building target: backlitLCD_Demo.elf
 
Invoking: MicroBlaze Print Size
mb-size backlitLCD_Demo.elf  |tee "backlitLCD_Demo.elf.size"
   text	   data	    bss	    dec	    hex	filename
   6540	    320	   2084	   8944	   22f0	backlitLCD_Demo.elf
Finished building: backlitLCD_Demo.elf.size
 
11:20:49 **** Incremental Build of configuration Release for project backlitLCD_Demo ****
make all 
make: Nothing to be done for `all'.
11:52:45 **** Auto Build of project backlitLCD_Demo_bsp ****
make -k all 
Running Make include in microblaze_0/libsrc/bram_v4_0/src
make -C microblaze_0/libsrc/bram_v4_0/src -s include -e "SHELL=/bin/sh" "COMPILER=mb-gcc" "ARCHIVER=mb-ar" "COMPILER_FLAGS= -O2 -c -mcpu=v9.3 -mlittle-endian -mxl-soft-mul" "EXTRA_COMPILER_FLAGS=-g -ffunction-sections -fdata-sections"
Running Make include in microblaze_0/libsrc/cpu_v2_0/src
make -C microblaze_0/libsrc/cpu_v2_0/src -s include -e "SHELL=/bin/sh" "COMPILER=mb-gcc" "ARCHIVER=mb-ar" "COMPILER_FLAGS= -O2 -c -mcpu=v9.3 -mlittle-endian -mxl-soft-mul" "EXTRA_COMPILER_FLAGS=-g -ffunction-sections -fdata-sections"
Running Make include in microblaze_0/libsrc/intc_v3_0/src
make -C microblaze_0/libsrc/intc_v3_0/src -s include -e "SHELL=/bin/sh" "COMPILER=mb-gcc" "ARCHIVER=mb-ar" "COMPILER_FLAGS= -O2 -c -mcpu=v9.3 -mlittle-endian -mxl-soft-mul" "EXTRA_COMPILER_FLAGS=-g -ffunction-sections -fdata-sections"
Running Make include in microblaze_0/libsrc/standalone_v4_0/src
make -C microblaze_0/libsrc/standalone_v4_0/src -s include -e "SHELL=/bin/sh" "COMPILER=mb-gcc" "ARCHIVER=mb-ar" "COMPILER_FLAGS= -O2 -c -mcpu=v9.3 -mlittle-endian -mxl-soft-mul" "EXTRA_COMPILER_FLAGS=-g -ffunction-sections -fdata-sections"
make[2]: Entering directory `/usr9/research/chsegal/Documents/ECE153A/Artix7/lab3/backlitNibble/backlitNibble.sdk/SDK/SDK_Export/backlitLCD_Demo_bsp/microblaze_0/libsrc/standalone_v4_0/src/profile'
cp -rf profile.h mblaze_nt_types.h _profile_timer_hw.h ../../../../include
make[2]: Leaving directory `/usr9/research/chsegal/Documents/ECE153A/Artix7/lab3/backlitNibble/backlitNibble.sdk/SDK/SDK_Export/backlitLCD_Demo_bsp/microblaze_0/libsrc/standalone_v4_0/src/profile'
Running Make include in microblaze_0/libsrc/tmrctr_v3_0/src
make -C microblaze_0/libsrc/tmrctr_v3_0/src -s include -e "SHELL=/bin/sh" "COMPILER=mb-gcc" "ARCHIVER=mb-ar" "COMPILER_FLAGS= -O2 -c -mcpu=v9.3 -mlittle-endian -mxl-soft-mul" "EXTRA_COMPILER_FLAGS=-g -ffunction-sections -fdata-sections"
Running Make include in microblaze_0/libsrc/uartlite_v3_0/src
make -C microblaze_0/libsrc/uartlite_v3_0/src -s include -e "SHELL=/bin/sh" "COMPILER=mb-gcc" "ARCHIVER=mb-ar" "COMPILER_FLAGS= -O2 -c -mcpu=v9.3 -mlittle-endian -mxl-soft-mul" "EXTRA_COMPILER_FLAGS=-g -ffunction-sections -fdata-sections"
Running Make libs in microblaze_0/libsrc/bram_v4_0/src
make -C microblaze_0/libsrc/bram_v4_0/src -s libs -e "SHELL=/bin/sh" "COMPILER=mb-gcc" "ARCHIVER=mb-ar" "COMPILER_FLAGS= -O2 -c -mcpu=v9.3 -mlittle-endian -mxl-soft-mul" "EXTRA_COMPILER_FLAGS=-g -ffunction-sections -fdata-sections"
Compiling bram
make[2]: Entering directory `/usr9/research/chsegal/Documents/ECE153A/Artix7/lab3/backlitNibble/backlitNibble.sdk/SDK/SDK_Export/backlitLCD_Demo_bsp/microblaze_0/libsrc/bram_v4_0/src'
rm -rf *.o 
make[2]: Leaving directory `/usr9/research/chsegal/Documents/ECE153A/Artix7/lab3/backlitNibble/backlitNibble.sdk/SDK/SDK_Export/backlitLCD_Demo_bsp/microblaze_0/libsrc/bram_v4_0/src'
Running Make libs in microblaze_0/libsrc/cpu_v2_0/src
make -C microblaze_0/libsrc/cpu_v2_0/src -s libs -e "SHELL=/bin/sh" "COMPILER=mb-gcc" "ARCHIVER=mb-ar" "COMPILER_FLAGS= -O2 -c -mcpu=v9.3 -mlittle-endian -mxl-soft-mul" "EXTRA_COMPILER_FLAGS=-g -ffunction-sections -fdata-sections"
Compiling cpu
make[2]: Entering directory `/usr9/research/chsegal/Documents/ECE153A/Artix7/lab3/backlitNibble/backlitNibble.sdk/SDK/SDK_Export/backlitLCD_Demo_bsp/microblaze_0/libsrc/cpu_v2_0/src'
rm -rf *.o
make[2]: Leaving directory `/usr9/research/chsegal/Documents/ECE153A/Artix7/lab3/backlitNibble/backlitNibble.sdk/SDK/SDK_Export/backlitLCD_Demo_bsp/microblaze_0/libsrc/cpu_v2_0/src'
Running Make libs in microblaze_0/libsrc/intc_v3_0/src
make -C microblaze_0/libsrc/intc_v3_0/src -s libs -e "SHELL=/bin/sh" "COMPILER=mb-gcc" "ARCHIVER=mb-ar" "COMPILER_FLAGS= -O2 -c -mcpu=v9.3 -mlittle-endian -mxl-soft-mul" "EXTRA_COMPILER_FLAGS=-g -ffunction-sections -fdata-sections"
Compiling intc
make[2]: Entering directory `/usr9/research/chsegal/Documents/ECE153A/Artix7/lab3/backlitNibble/backlitNibble.sdk/SDK/SDK_Export/backlitLCD_Demo_bsp/microblaze_0/libsrc/intc_v3_0/src'
rm -rf *.o 
make[2]: Leaving directory `/usr9/research/chsegal/Documents/ECE153A/Artix7/lab3/backlitNibble/backlitNibble.sdk/SDK/SDK_Export/backlitLCD_Demo_bsp/microblaze_0/libsrc/intc_v3_0/src'
Running Make libs in microblaze_0/libsrc/standalone_v4_0/src
make -C microblaze_0/libsrc/standalone_v4_0/src -s libs -e "SHELL=/bin/sh" "COMPILER=mb-gcc" "ARCHIVER=mb-ar" "COMPILER_FLAGS= -O2 -c -mcpu=v9.3 -mlittle-endian -mxl-soft-mul" "EXTRA_COMPILER_FLAGS=-g -ffunction-sections -fdata-sections"
Compiling standalone
Running Make libs in microblaze_0/libsrc/tmrctr_v3_0/src
make -C microblaze_0/libsrc/tmrctr_v3_0/src -s libs -e "SHELL=/bin/sh" "COMPILER=mb-gcc" "ARCHIVER=mb-ar" "COMPILER_FLAGS= -O2 -c -mcpu=v9.3 -mlittle-endian -mxl-soft-mul" "EXTRA_COMPILER_FLAGS=-g -ffunction-sections -fdata-sections"
Compiling tmrctr
make[2]: Entering directory `/usr9/research/chsegal/Documents/ECE153A/Artix7/lab3/backlitNibble/backlitNibble.sdk/SDK/SDK_Export/backlitLCD_Demo_bsp/microblaze_0/libsrc/tmrctr_v3_0/src'
rm -rf *.o 
make[2]: Leaving directory `/usr9/research/chsegal/Documents/ECE153A/Artix7/lab3/backlitNibble/backlitNibble.sdk/SDK/SDK_Export/backlitLCD_Demo_bsp/microblaze_0/libsrc/tmrctr_v3_0/src'
Running Make libs in microblaze_0/libsrc/uartlite_v3_0/src
make -C microblaze_0/libsrc/uartlite_v3_0/src -s libs -e "SHELL=/bin/sh" "COMPILER=mb-gcc" "ARCHIVER=mb-ar" "COMPILER_FLAGS= -O2 -c -mcpu=v9.3 -mlittle-endian -mxl-soft-mul" "EXTRA_COMPILER_FLAGS=-g -ffunction-sections -fdata-sections"
Compiling uartlite
make[2]: Entering directory `/usr9/research/chsegal/Documents/ECE153A/Artix7/lab3/backlitNibble/backlitNibble.sdk/SDK/SDK_Export/backlitLCD_Demo_bsp/microblaze_0/libsrc/uartlite_v3_0/src'
rm -rf *.o 
make[2]: Leaving directory `/usr9/research/chsegal/Documents/ECE153A/Artix7/lab3/backlitNibble/backlitNibble.sdk/SDK/SDK_Export/backlitLCD_Demo_bsp/microblaze_0/libsrc/uartlite_v3_0/src'
Finished building libraries
11:52:56 **** Auto Build of configuration Release for project backlitLCD_Demo ****
make all 
make: Nothing to be done for `all'.
11:52:57 **** Auto Build of project backlitLCD_Demo_bsp ****
make -k all 
Running Make include in microblaze_0/libsrc/bram_v4_0/src
make -C microblaze_0/libsrc/bram_v4_0/src -s include -e "SHELL=/bin/sh" "COMPILER=mb-gcc" "ARCHIVER=mb-ar" "COMPILER_FLAGS= -O2 -c -mcpu=v9.3 -mlittle-endian -mxl-soft-mul" "EXTRA_COMPILER_FLAGS=-g -ffunction-sections -fdata-sections"
Running Make include in microblaze_0/libsrc/cpu_v2_0/src
make -C microblaze_0/libsrc/cpu_v2_0/src -s include -e "SHELL=/bin/sh" "COMPILER=mb-gcc" "ARCHIVER=mb-ar" "COMPILER_FLAGS= -O2 -c -mcpu=v9.3 -mlittle-endian -mxl-soft-mul" "EXTRA_COMPILER_FLAGS=-g -ffunction-sections -fdata-sections"
Running Make include in microblaze_0/libsrc/intc_v3_0/src
make -C microblaze_0/libsrc/intc_v3_0/src -s include -e "SHELL=/bin/sh" "COMPILER=mb-gcc" "ARCHIVER=mb-ar" "COMPILER_FLAGS= -O2 -c -mcpu=v9.3 -mlittle-endian -mxl-soft-mul" "EXTRA_COMPILER_FLAGS=-g -ffunction-sections -fdata-sections"
Running Make include in microblaze_0/libsrc/standalone_v4_0/src
make -C microblaze_0/libsrc/standalone_v4_0/src -s include -e "SHELL=/bin/sh" "COMPILER=mb-gcc" "ARCHIVER=mb-ar" "COMPILER_FLAGS= -O2 -c -mcpu=v9.3 -mlittle-endian -mxl-soft-mul" "EXTRA_COMPILER_FLAGS=-g -ffunction-sections -fdata-sections"
make[2]: Entering directory `/usr9/research/chsegal/Documents/ECE153A/Artix7/lab3/backlitNibble/backlitNibble.sdk/SDK/SDK_Export/backlitLCD_Demo_bsp/microblaze_0/libsrc/standalone_v4_0/src/profile'
cp -rf profile.h mblaze_nt_types.h _profile_timer_hw.h ../../../../include
make[2]: Leaving directory `/usr9/research/chsegal/Documents/ECE153A/Artix7/lab3/backlitNibble/backlitNibble.sdk/SDK/SDK_Export/backlitLCD_Demo_bsp/microblaze_0/libsrc/standalone_v4_0/src/profile'
Running Make include in microblaze_0/libsrc/tmrctr_v3_0/src
make -C microblaze_0/libsrc/tmrctr_v3_0/src -s include -e "SHELL=/bin/sh" "COMPILER=mb-gcc" "ARCHIVER=mb-ar" "COMPILER_FLAGS= -O2 -c -mcpu=v9.3 -mlittle-endian -mxl-soft-mul" "EXTRA_COMPILER_FLAGS=-g -ffunction-sections -fdata-sections"
Running Make include in microblaze_0/libsrc/uartlite_v3_0/src
make -C microblaze_0/libsrc/uartlite_v3_0/src -s include -e "SHELL=/bin/sh" "COMPILER=mb-gcc" "ARCHIVER=mb-ar" "COMPILER_FLAGS= -O2 -c -mcpu=v9.3 -mlittle-endian -mxl-soft-mul" "EXTRA_COMPILER_FLAGS=-g -ffunction-sections -fdata-sections"
Running Make libs in microblaze_0/libsrc/bram_v4_0/src
make -C microblaze_0/libsrc/bram_v4_0/src -s libs -e "SHELL=/bin/sh" "COMPILER=mb-gcc" "ARCHIVER=mb-ar" "COMPILER_FLAGS= -O2 -c -mcpu=v9.3 -mlittle-endian -mxl-soft-mul" "EXTRA_COMPILER_FLAGS=-g -ffunction-sections -fdata-sections"
Compiling bram
make[2]: Entering directory `/usr9/research/chsegal/Documents/ECE153A/Artix7/lab3/backlitNibble/backlitNibble.sdk/SDK/SDK_Export/backlitLCD_Demo_bsp/microblaze_0/libsrc/bram_v4_0/src'
rm -rf *.o 
make[2]: Leaving directory `/usr9/research/chsegal/Documents/ECE153A/Artix7/lab3/backlitNibble/backlitNibble.sdk/SDK/SDK_Export/backlitLCD_Demo_bsp/microblaze_0/libsrc/bram_v4_0/src'
Running Make libs in microblaze_0/libsrc/cpu_v2_0/src
make -C microblaze_0/libsrc/cpu_v2_0/src -s libs -e "SHELL=/bin/sh" "COMPILER=mb-gcc" "ARCHIVER=mb-ar" "COMPILER_FLAGS= -O2 -c -mcpu=v9.3 -mlittle-endian -mxl-soft-mul" "EXTRA_COMPILER_FLAGS=-g -ffunction-sections -fdata-sections"
Compiling cpu
make[2]: Entering directory `/usr9/research/chsegal/Documents/ECE153A/Artix7/lab3/backlitNibble/backlitNibble.sdk/SDK/SDK_Export/backlitLCD_Demo_bsp/microblaze_0/libsrc/cpu_v2_0/src'
rm -rf *.o
make[2]: Leaving directory `/usr9/research/chsegal/Documents/ECE153A/Artix7/lab3/backlitNibble/backlitNibble.sdk/SDK/SDK_Export/backlitLCD_Demo_bsp/microblaze_0/libsrc/cpu_v2_0/src'
Running Make libs in microblaze_0/libsrc/intc_v3_0/src
make -C microblaze_0/libsrc/intc_v3_0/src -s libs -e "SHELL=/bin/sh" "COMPILER=mb-gcc" "ARCHIVER=mb-ar" "COMPILER_FLAGS= -O2 -c -mcpu=v9.3 -mlittle-endian -mxl-soft-mul" "EXTRA_COMPILER_FLAGS=-g -ffunction-sections -fdata-sections"
Compiling intc
make[2]: Entering directory `/usr9/research/chsegal/Documents/ECE153A/Artix7/lab3/backlitNibble/backlitNibble.sdk/SDK/SDK_Export/backlitLCD_Demo_bsp/microblaze_0/libsrc/intc_v3_0/src'
rm -rf *.o 
make[2]: Leaving directory `/usr9/research/chsegal/Documents/ECE153A/Artix7/lab3/backlitNibble/backlitNibble.sdk/SDK/SDK_Export/backlitLCD_Demo_bsp/microblaze_0/libsrc/intc_v3_0/src'
Running Make libs in microblaze_0/libsrc/standalone_v4_0/src
make -C microblaze_0/libsrc/standalone_v4_0/src -s libs -e "SHELL=/bin/sh" "COMPILER=mb-gcc" "ARCHIVER=mb-ar" "COMPILER_FLAGS= -O2 -c -mcpu=v9.3 -mlittle-endian -mxl-soft-mul" "EXTRA_COMPILER_FLAGS=-g -ffunction-sections -fdata-sections"
Compiling standalone
Running Make libs in microblaze_0/libsrc/tmrctr_v3_0/src
make -C microblaze_0/libsrc/tmrctr_v3_0/src -s libs -e "SHELL=/bin/sh" "COMPILER=mb-gcc" "ARCHIVER=mb-ar" "COMPILER_FLAGS= -O2 -c -mcpu=v9.3 -mlittle-endian -mxl-soft-mul" "EXTRA_COMPILER_FLAGS=-g -ffunction-sections -fdata-sections"
Compiling tmrctr
make[2]: Entering directory `/usr9/research/chsegal/Documents/ECE153A/Artix7/lab3/backlitNibble/backlitNibble.sdk/SDK/SDK_Export/backlitLCD_Demo_bsp/microblaze_0/libsrc/tmrctr_v3_0/src'
rm -rf *.o 
make[2]: Leaving directory `/usr9/research/chsegal/Documents/ECE153A/Artix7/lab3/backlitNibble/backlitNibble.sdk/SDK/SDK_Export/backlitLCD_Demo_bsp/microblaze_0/libsrc/tmrctr_v3_0/src'
Running Make libs in microblaze_0/libsrc/uartlite_v3_0/src
make -C microblaze_0/libsrc/uartlite_v3_0/src -s libs -e "SHELL=/bin/sh" "COMPILER=mb-gcc" "ARCHIVER=mb-ar" "COMPILER_FLAGS= -O2 -c -mcpu=v9.3 -mlittle-endian -mxl-soft-mul" "EXTRA_COMPILER_FLAGS=-g -ffunction-sections -fdata-sections"
Compiling uartlite
[...]
Finished building: ../src/xtmrctr_selftest_example.c
 
Building target: backlitLCD_Demo.elf
Invoking: MicroBlaze gcc linker
mb-gcc -Wl,-T -Wl,../src/lscript.ld -L../../backlitLCD_Demo_bsp/microblaze_0/lib -mlittle-endian -mcpu=v9.3 -mxl-soft-mul -Wl,--no-relax -Wl,--gc-sections -o "backlitLCD_Demo.elf"  ./src/backlitLCD.o ./src/testperiph.o ./src/xintc_tapp_example.o ./src/xtmrctr_intr_example.o ./src/xtmrctr_selftest_example.o   -Wl,--start-group,-lxil,-lgcc,-lc,--end-group
Finished building target: backlitLCD_Demo.elf
 
Invoking: MicroBlaze Print Size
mb-size backlitLCD_Demo.elf  |tee "backlitLCD_Demo.elf.size"
   text	   data	    bss	    dec	    hex	filename
   6092	    320	   2084	   8496	   2130	backlitLCD_Demo.elf
Finished building: backlitLCD_Demo.elf.size
 
00:05:06 **** Incremental Build of configuration Release for project backlitLCD_Demo ****
make all 
make: Nothing to be done for `all'.
00:05:15 **** Incremental Build of configuration Release for project backlitLCD_Demo ****
make all 
make: Nothing to be done for `all'.
00:05:49 **** Incremental Build of configuration Release for project backlitLCD_Demo ****
make all 
make: Nothing to be done for `all'.
00:05:58 **** Incremental Build of configuration Release for project backlitLCD_Demo ****
make all 
make: Nothing to be done for `all'.
00:06:21 **** Auto Build of project backlitLCD_Demo_bsp ****
make -k all 
Running Make include in microblaze_0/libsrc/bram_v4_0/src
make -C microblaze_0/libsrc/bram_v4_0/src -s include -e "SHELL=/bin/sh" "COMPILER=mb-gcc" "ARCHIVER=mb-ar" "COMPILER_FLAGS= -O2 -c -mcpu=v9.3 -mlittle-endian -mxl-soft-mul" "EXTRA_COMPILER_FLAGS=-g -ffunction-sections -fdata-sections"
Running Make include in microblaze_0/libsrc/cpu_v2_0/src
make -C microblaze_0/libsrc/cpu_v2_0/src -s include -e "SHELL=/bin/sh" "COMPILER=mb-gcc" "ARCHIVER=mb-ar" "COMPILER_FLAGS= -O2 -c -mcpu=v9.3 -mlittle-endian -mxl-soft-mul" "EXTRA_COMPILER_FLAGS=-g -ffunction-sections -fdata-sections"
Running Make include in microblaze_0/libsrc/intc_v3_0/src
make -C microblaze_0/libsrc/intc_v3_0/src -s include -e "SHELL=/bin/sh" "COMPILER=mb-gcc" "ARCHIVER=mb-ar" "COMPILER_FLAGS= -O2 -c -mcpu=v9.3 -mlittle-endian -mxl-soft-mul" "EXTRA_COMPILER_FLAGS=-g -ffunction-sections -fdata-sections"
Running Make include in microblaze_0/libsrc/standalone_v4_0/src
make -C microblaze_0/libsrc/standalone_v4_0/src -s include -e "SHELL=/bin/sh" "COMPILER=mb-gcc" "ARCHIVER=mb-ar" "COMPILER_FLAGS= -O2 -c -mcpu=v9.3 -mlittle-endian -mxl-soft-mul" "EXTRA_COMPILER_FLAGS=-g -ffunction-sections -fdata-sections"
make[2]: Entering directory `/home/carrie/git/backlit-lcd-vivado-xsdk/backlitNibble.sdk/SDK/SDK_Export/backlitLCD_Demo_bsp/microblaze_0/libsrc/standalone_v4_0/src/profile'
cp -rf profile.h mblaze_nt_types.h _profile_timer_hw.h ../../../../include
make[2]: Leaving directory `/home/carrie/git/backlit-lcd-vivado-xsdk/backlitNibble.sdk/SDK/SDK_Export/backlitLCD_Demo_bsp/microblaze_0/libsrc/standalone_v4_0/src/profile'
Running Make include in microblaze_0/libsrc/tmrctr_v3_0/src
make -C microblaze_0/libsrc/tmrctr_v3_0/src -s include -e "SHELL=/bin/sh" "COMPILER=mb-gcc" "ARCHIVER=mb-ar" "COMPILER_FLAGS= -O2 -c -mcpu=v9.3 -mlittle-endian -mxl-soft-mul" "EXTRA_COMPILER_FLAGS=-g -ffunction-sections -fdata-sections"
Running Make include in microblaze_0/libsrc/uartlite_v3_0/src
make -C microblaze_0/libsrc/uartlite_v3_0/src -s include -e "SHELL=/bin/sh" "COMPILER=mb-gcc" "ARCHIVER=mb-ar" "COMPILER_FLAGS= -O2 -c -mcpu=v9.3 -mlittle-endian -mxl-soft-mul" "EXTRA_COMPILER_FLAGS=-g -ffunction-sections -fdata-sections"
Running Make libs in microblaze_0/libsrc/bram_v4_0/src
make -C microblaze_0/libsrc/bram_v4_0/src -s libs -e "SHELL=/bin/sh" "COMPILER=mb-gcc" "ARCHIVER=mb-ar" "COMPILER_FLAGS= -O2 -c -mcpu=v9.3 -mlittle-endian -mxl-soft-mul" "EXTRA_COMPILER_FLAGS=-g -ffunction-sections -fdata-sections"
Compiling bram
make[2]: Entering directory `/home/carrie/git/backlit-lcd-vivado-xsdk/backlitNibble.sdk/SDK/SDK_Export/backlitLCD_Demo_bsp/microblaze_0/libsrc/bram_v4_0/src'
rm -rf *.o 
make[2]: Leaving directory `/home/carrie/git/backlit-lcd-vivado-xsdk/backlitNibble.sdk/SDK/SDK_Export/backlitLCD_Demo_bsp/microblaze_0/libsrc/bram_v4_0/src'
Running Make libs in microblaze_0/libsrc/cpu_v2_0/src
make -C microblaze_0/libsrc/cpu_v2_0/src -s libs -e "SHELL=/bin/sh" "COMPILER=mb-gcc" "ARCHIVER=mb-ar" "COMPILER_FLAGS= -O2 -c -mcpu=v9.3 -mlittle-endian -mxl-soft-mul" "EXTRA_COMPILER_FLAGS=-g -ffunction-sections -fdata-sections"
Compiling cpu
make[2]: Entering directory `/home/carrie/git/backlit-lcd-vivado-xsdk/backlitNibble.sdk/SDK/SDK_Export/backlitLCD_Demo_bsp/microblaze_0/libsrc/cpu_v2_0/src'
rm -rf *.o
make[2]: Leaving directory `/home/carrie/git/backlit-lcd-vivado-xsdk/backlitNibble.sdk/SDK/SDK_Export/backlitLCD_Demo_bsp/microblaze_0/libsrc/cpu_v2_0/src'
Running Make libs in microblaze_0/libsrc/intc_v3_0/src
make -C microblaze_0/libsrc/intc_v3_0/src -s libs -e "SHELL=/bin/sh" "COMPILER=mb-gcc" "ARCHIVER=mb-ar" "COMPILER_FLAGS= -O2 -c -mcpu=v9.3 -mlittle-endian -mxl-soft-mul" "EXTRA_COMPILER_FLAGS=-g -ffunction-sections -fdata-sections"
Compiling intc
make[2]: Entering directory `/home/carrie/git/backlit-lcd-vivado-xsdk/backlitNibble.sdk/SDK/SDK_Export/backlitLCD_Demo_bsp/microblaze_0/libsrc/intc_v3_0/src'
rm -rf *.o 
make[2]: Leaving directory `/home/carrie/git/backlit-lcd-vivado-xsdk/backlitNibble.sdk/SDK/SDK_Export/backlitLCD_Demo_bsp/microblaze_0/libsrc/intc_v3_0/src'
Running Make libs in microblaze_0/libsrc/standalone_v4_0/src
make -C microblaze_0/libsrc/standalone_v4_0/src -s libs -e "SHELL=/bin/sh" "COMPILER=mb-gcc" "ARCHIVER=mb-ar" "COMPILER_FLAGS= -O2 -c -mcpu=v9.3 -mlittle-endian -mxl-soft-mul" "EXTRA_COMPILER_FLAGS=-g -ffunction-sections -fdata-sections"
Compiling standalone
Running Make libs in microblaze_0/libsrc/tmrctr_v3_0/src
make -C microblaze_0/libsrc/tmrctr_v3_0/src -s libs -e "SHELL=/bin/sh" "COMPILER=mb-gcc" "ARCHIVER=mb-ar" "COMPILER_FLAGS= -O2 -c -mcpu=v9.3 -mlittle-endian -mxl-soft-mul" "EXTRA_COMPILER_FLAGS=-g -ffunction-sections -fdata-sections"
Compiling tmrctr
make[2]: Entering directory `/home/carrie/git/backlit-lcd-vivado-xsdk/backlitNibble.sdk/SDK/SDK_Export/backlitLCD_Demo_bsp/microblaze_0/libsrc/tmrctr_v3_0/src'
rm -rf *.o 
make[2]: Leaving directory `/home/carrie/git/backlit-lcd-vivado-xsdk/backlitNibble.sdk/SDK/SDK_Export/backlitLCD_Demo_bsp/microblaze_0/libsrc/tmrctr_v3_0/src'
Running Make libs in microblaze_0/libsrc/uartlite_v3_0/src
make -C microblaze_0/libsrc/uartlite_v3_0/src -s libs -e "SHELL=/bin/sh" "COMPILER=mb-gcc" "ARCHIVER=mb-ar" "COMPILER_FLAGS= -O2 -c -mcpu=v9.3 -mlittle-endian -mxl-soft-mul" "EXTRA_COMPILER_FLAGS=-g -ffunction-sections -fdata-sections"
Compiling uartlite
make[2]: Entering directory `/home/carrie/git/backlit-lcd-vivado-xsdk/backlitNibble.sdk/SDK/SDK_Export/backlitLCD_Demo_bsp/microblaze_0/libsrc/uartlite_v3_0/src'
rm -rf *.o 
make[2]: Leaving directory `/home/carrie/git/backlit-lcd-vivado-xsdk/backlitNibble.sdk/SDK/SDK_Export/backlitLCD_Demo_bsp/microblaze_0/libsrc/uartlite_v3_0/src'
Finished building libraries
00:06:22 **** Auto Build of configuration Release for project backlitLCD_Demo ****
make all 
make: Nothing to be done for `all'.
00:06:24 **** Incremental Build of configuration Release for project backlitLCD_Demo ****
make all 
make: Nothing to be done for `all'.
00:06:33 **** Incremental Build of configuration Release for project backlitLCD_Demo ****
make all 
make: Nothing to be done for `all'.
00:06:59 **** Auto Build of project backlitLCD_Demo_bsp ****
make -k all 
Running Make include in microblaze_0/libsrc/bram_v4_0/src
make -C microblaze_0/libsrc/bram_v4_0/src -s include -e "SHELL=/bin/sh" "COMPILER=mb-gcc" "ARCHIVER=mb-ar" "COMPILER_FLAGS= -O2 -c -mcpu=v9.3 -mlittle-endian -mxl-soft-mul" "EXTRA_COMPILER_FLAGS=-g -ffunction-sections -fdata-sections"
Running Make include in microblaze_0/libsrc/cpu_v2_0/src
make -C microblaze_0/libsrc/cpu_v2_0/src -s include -e "SHELL=/bin/sh" "COMPILER=mb-gcc" "ARCHIVER=mb-ar" "COMPILER_FLAGS= -O2 -c -mcpu=v9.3 -mlittle-endian -mxl-soft-mul" "EXTRA_COMPILER_FLAGS=-g -ffunction-sections -fdata-sections"
Running Make include in microblaze_0/libsrc/intc_v3_0/src
make -C microblaze_0/libsrc/intc_v3_0/src -s include -e "SHELL=/bin/sh" "COMPILER=mb-gcc" "ARCHIVER=mb-ar" "COMPILER_FLAGS= -O2 -c -mcpu=v9.3 -mlittle-endian -mxl-soft-mul" "EXTRA_COMPILER_FLAGS=-g -ffunction-sections -fdata-sections"
Running Make include in microblaze_0/libsrc/standalone_v4_0/src
make -C microblaze_0/libsrc/standalone_v4_0/src -s include -e "SHELL=/bin/sh" "COMPILER=mb-gcc" "ARCHIVER=mb-ar" "COMPILER_FLAGS= -O2 -c -mcpu=v9.3 -mlittle-endian -mxl-soft-mul" "EXTRA_COMPILER_FLAGS=-g -ffunction-sections -fdata-sections"
make[2]: Entering directory `/home/carrie/git/backlit-lcd-vivado-xsdk/backlitNibble.sdk/SDK/SDK_Export/backlitLCD_Demo_bsp/microblaze_0/libsrc/standalone_v4_0/src/profile'
cp -rf profile.h mblaze_nt_types.h _profile_timer_hw.h ../../../../include
make[2]: Leaving directory `/home/carrie/git/backlit-lcd-vivado-xsdk/backlitNibble.sdk/SDK/SDK_Export/backlitLCD_Demo_bsp/microblaze_0/libsrc/standalone_v4_0/src/profile'
Running Make include in microblaze_0/libsrc/tmrctr_v3_0/src
make -C microblaze_0/libsrc/tmrctr_v3_0/src -s include -e "SHELL=/bin/sh" "COMPILER=mb-gcc" "ARCHIVER=mb-ar" "COMPILER_FLAGS= -O2 -c -mcpu=v9.3 -mlittle-endian -mxl-soft-mul" "EXTRA_COMPILER_FLAGS=-g -ffunction-sections -fdata-sections"
Running Make include in microblaze_0/libsrc/uartlite_v3_0/src
make -C microblaze_0/libsrc/uartlite_v3_0/src -s include -e "SHELL=/bin/sh" "COMPILER=mb-gcc" "ARCHIVER=mb-ar" "COMPILER_FLAGS= -O2 -c -mcpu=v9.3 -mlittle-endian -mxl-soft-mul" "EXTRA_COMPILER_FLAGS=-g -ffunction-sections -fdata-sections"
Running Make libs in microblaze_0/libsrc/bram_v4_0/src
make -C microblaze_0/libsrc/bram_v4_0/src -s libs -e "SHELL=/bin/sh" "COMPILER=mb-gcc" "ARCHIVER=mb-ar" "COMPILER_FLAGS= -O2 -c -mcpu=v9.3 -mlittle-endian -mxl-soft-mul" "EXTRA_COMPILER_FLAGS=-g -ffunction-sections -fdata-sections"
Compiling bram
make[2]: Entering directory `/home/carrie/git/backlit-lcd-vivado-xsdk/backlitNibble.sdk/SDK/SDK_Export/backlitLCD_Demo_bsp/microblaze_0/libsrc/bram_v4_0/src'
rm -rf *.o 
make[2]: Leaving directory `/home/carrie/git/backlit-lcd-vivado-xsdk/backlitNibble.sdk/SDK/SDK_Export/backlitLCD_Demo_bsp/microblaze_0/libsrc/bram_v4_0/src'
Running Make libs in microblaze_0/libsrc/cpu_v2_0/src
make -C microblaze_0/libsrc/cpu_v2_0/src -s libs -e "SHELL=/bin/sh" "COMPILER=mb-gcc" "ARCHIVER=mb-ar" "COMPILER_FLAGS= -O2 -c -mcpu=v9.3 -mlittle-endian -mxl-soft-mul" "EXTRA_COMPILER_FLAGS=-g -ffunction-sections -fdata-sections"
Compiling cpu
make[2]: Entering directory `/home/carrie/git/backlit-lcd-vivado-xsdk/backlitNibble.sdk/SDK/SDK_Export/backlitLCD_Demo_bsp/microblaze_0/libsrc/cpu_v2_0/src'
rm -rf *.o
make[2]: Leaving directory `/home/carrie/git/backlit-lcd-vivado-xsdk/backlitNibble.sdk/SDK/SDK_Export/backlitLCD_Demo_bsp/microblaze_0/libsrc/cpu_v2_0/src'
Running Make libs in microblaze_0/libsrc/intc_v3_0/src
make -C microblaze_0/libsrc/intc_v3_0/src -s libs -e "SHELL=/bin/sh" "COMPILER=mb-gcc" "ARCHIVER=mb-ar" "COMPILER_FLAGS= -O2 -c -mcpu=v9.3 -mlittle-endian -mxl-soft-mul" "EXTRA_COMPILER_FLAGS=-g -ffunction-sections -fdata-sections"
Compiling intc
make[2]: Entering directory `/home/carrie/git/backlit-lcd-vivado-xsdk/backlitNibble.sdk/SDK/SDK_Export/backlitLCD_Demo_bsp/microblaze_0/libsrc/intc_v3_0/src'
rm -rf *.o 
make[2]: Leaving directory `/home/carrie/git/backlit-lcd-vivado-xsdk/backlitNibble.sdk/SDK/SDK_Export/backlitLCD_Demo_bsp/microblaze_0/libsrc/intc_v3_0/src'
Running Make libs in microblaze_0/libsrc/standalone_v4_0/src
make -C microblaze_0/libsrc/standalone_v4_0/src -s libs -e "SHELL=/bin/sh" "COMPILER=mb-gcc" "ARCHIVER=mb-ar" "COMPILER_FLAGS= -O2 -c -mcpu=v9.3 -mlittle-endian -mxl-soft-mul" "EXTRA_COMPILER_FLAGS=-g -ffunction-sections -fdata-sections"
Compiling standalone
Running Make libs in microblaze_0/libsrc/tmrctr_v3_0/src
make -C microblaze_0/libsrc/tmrctr_v3_0/src -s libs -e "SHELL=/bin/sh" "COMPILER=mb-gcc" "ARCHIVER=mb-ar" "COMPILER_FLAGS= -O2 -c -mcpu=v9.3 -mlittle-endian -mxl-soft-mul" "EXTRA_COMPILER_FLAGS=-g -ffunction-sections -fdata-sections"
Compiling tmrctr
make[2]: Entering directory `/home/carrie/git/backlit-lcd-vivado-xsdk/backlitNibble.sdk/SDK/SDK_Export/backlitLCD_Demo_bsp/microblaze_0/libsrc/tmrctr_v3_0/src'
rm -rf *.o 
make[2]: Leaving directory `/home/carrie/git/backlit-lcd-vivado-xsdk/backlitNibble.sdk/SDK/SDK_Export/backlitLCD_Demo_bsp/microblaze_0/libsrc/tmrctr_v3_0/src'
Running Make libs in microblaze_0/libsrc/uartlite_v3_0/src
make -C microblaze_0/libsrc/uartlite_v3_0/src -s libs -e "SHELL=/bin/sh" "COMPILER=mb-gcc" "ARCHIVER=mb-ar" "COMPILER_FLAGS= -O2 -c -mcpu=v9.3 -mlittle-endian -mxl-soft-mul" "EXTRA_COMPILER_FLAGS=-g -ffunction-sections -fdata-sections"
Compiling uartlite
make[2]: Entering directory `/home/carrie/git/backlit-lcd-vivado-xsdk/backlitNibble.sdk/SDK/SDK_Export/backlitLCD_Demo_bsp/microblaze_0/libsrc/uartlite_v3_0/src'
rm -rf *.o 
make[2]: Leaving directory `/home/carrie/git/backlit-lcd-vivado-xsdk/backlitNibble.sdk/SDK/SDK_Export/backlitLCD_Demo_bsp/microblaze_0/libsrc/uartlite_v3_0/src'
Finished building libraries
00:07:01 **** Auto Build of configuration Release for project backlitLCD_Demo ****
make all 
make: Nothing to be done for `all'.
00:07:04 **** Incremental Build of configuration Release for project backlitLCD_Demo ****
make all 
make: Nothing to be done for `all'.
00:07:59 **** Incremental Build of configuration Release for project backlitLCD_Demo ****
make all 
make: Nothing to be done for `all'.
00:08:15 **** Auto Build of project backlitLCD_Demo_bsp ****
make -k all 
Running Make include in microblaze_0/libsrc/bram_v4_0/src
make -C microblaze_0/libsrc/bram_v4_0/src -s include -e "SHELL=/bin/sh" "COMPILER=mb-gcc" "ARCHIVER=mb-ar" "COMPILER_FLAGS= -O2 -c -mcpu=v9.3 -mlittle-endian -mxl-soft-mul" "EXTRA_COMPILER_FLAGS=-g -ffunction-sections -fdata-sections"
Running Make include in microblaze_0/libsrc/cpu_v2_0/src
make -C microblaze_0/libsrc/cpu_v2_0/src -s include -e "SHELL=/bin/sh" "COMPILER=mb-gcc" "ARCHIVER=mb-ar" "COMPILER_FLAGS= -O2 -c -mcpu=v9.3 -mlittle-endian -mxl-soft-mul" "EXTRA_COMPILER_FLAGS=-g -ffunction-sections -fdata-sections"
Running Make include in microblaze_0/libsrc/intc_v3_0/src
make -C microblaze_0/libsrc/intc_v3_0/src -s include -e "SHELL=/bin/sh" "COMPILER=mb-gcc" "ARCHIVER=mb-ar" "COMPILER_FLAGS= -O2 -c -mcpu=v9.3 -mlittle-endian -mxl-soft-mul" "EXTRA_COMPILER_FLAGS=-g -ffunction-sections -fdata-sections"
Running Make include in microblaze_0/libsrc/standalone_v4_0/src
make -C microblaze_0/libsrc/standalone_v4_0/src -s include -e "SHELL=/bin/sh" "COMPILER=mb-gcc" "ARCHIVER=mb-ar" "COMPILER_FLAGS= -O2 -c -mcpu=v9.3 -mlittle-endian -mxl-soft-mul" "EXTRA_COMPILER_FLAGS=-g -ffunction-sections -fdata-sections"
make[2]: Entering directory `/home/carrie/git/backlit-lcd-vivado-xsdk/backlitNibble.sdk/SDK/SDK_Export/backlitLCD_Demo_bsp/microblaze_0/libsrc/standalone_v4_0/src/profile'
cp -rf profile.h mblaze_nt_types.h _profile_timer_hw.h ../../../../include
make[2]: Leaving directory `/home/carrie/git/backlit-lcd-vivado-xsdk/backlitNibble.sdk/SDK/SDK_Export/backlitLCD_Demo_bsp/microblaze_0/libsrc/standalone_v4_0/src/profile'
Running Make include in microblaze_0/libsrc/tmrctr_v3_0/src
make -C microblaze_0/libsrc/tmrctr_v3_0/src -s include -e "SHELL=/bin/sh" "COMPILER=mb-gcc" "ARCHIVER=mb-ar" "COMPILER_FLAGS= -O2 -c -mcpu=v9.3 -mlittle-endian -mxl-soft-mul" "EXTRA_COMPILER_FLAGS=-g -ffunction-sections -fdata-sections"
Running Make include in microblaze_0/libsrc/uartlite_v3_0/src
make -C microblaze_0/libsrc/uartlite_v3_0/src -s include -e "SHELL=/bin/sh" "COMPILER=mb-gcc" "ARCHIVER=mb-ar" "COMPILER_FLAGS= -O2 -c -mcpu=v9.3 -mlittle-endian -mxl-soft-mul" "EXTRA_COMPILER_FLAGS=-g -ffunction-sections -fdata-sections"
Running Make libs in microblaze_0/libsrc/bram_v4_0/src
make -C microblaze_0/libsrc/bram_v4_0/src -s libs -e "SHELL=/bin/sh" "COMPILER=mb-gcc" "ARCHIVER=mb-ar" "COMPILER_FLAGS= -O2 -c -mcpu=v9.3 -mlittle-endian -mxl-soft-mul" "EXTRA_COMPILER_FLAGS=-g -ffunction-sections -fdata-sections"
Compiling bram
make[2]: Entering directory `/home/carrie/git/backlit-lcd-vivado-xsdk/backlitNibble.sdk/SDK/SDK_Export/backlitLCD_Demo_bsp/microblaze_0/libsrc/bram_v4_0/src'
rm -rf *.o 
make[2]: Leaving directory `/home/carrie/git/backlit-lcd-vivado-xsdk/backlitNibble.sdk/SDK/SDK_Export/backlitLCD_Demo_bsp/microblaze_0/libsrc/bram_v4_0/src'
Running Make libs in microblaze_0/libsrc/cpu_v2_0/src
make -C microblaze_0/libsrc/cpu_v2_0/src -s libs -e "SHELL=/bin/sh" "COMPILER=mb-gcc" "ARCHIVER=mb-ar" "COMPILER_FLAGS= -O2 -c -mcpu=v9.3 -mlittle-endian -mxl-soft-mul" "EXTRA_COMPILER_FLAGS=-g -ffunction-sections -fdata-sections"
Compiling cpu
make[2]: Entering directory `/home/carrie/git/backlit-lcd-vivado-xsdk/backlitNibble.sdk/SDK/SDK_Export/backlitLCD_Demo_bsp/microblaze_0/libsrc/cpu_v2_0/src'
rm -rf *.o
make[2]: Leaving directory `/home/carrie/git/backlit-lcd-vivado-xsdk/backlitNibble.sdk/SDK/SDK_Export/backlitLCD_Demo_bsp/microblaze_0/libsrc/cpu_v2_0/src'
Running Make libs in microblaze_0/libsrc/intc_v3_0/src
make -C microblaze_0/libsrc/intc_v3_0/src -s libs -e "SHELL=/bin/sh" "COMPILER=mb-gcc" "ARCHIVER=mb-ar" "COMPILER_FLAGS= -O2 -c -mcpu=v9.3 -mlittle-endian -mxl-soft-mul" "EXTRA_COMPILER_FLAGS=-g -ffunction-sections -fdata-sections"
Compiling intc
make[2]: Entering directory `/home/carrie/git/backlit-lcd-vivado-xsdk/backlitNibble.sdk/SDK/SDK_Export/backlitLCD_Demo_bsp/microblaze_0/libsrc/intc_v3_0/src'
rm -rf *.o 
make[2]: Leaving directory `/home/carrie/git/backlit-lcd-vivado-xsdk/backlitNibble.sdk/SDK/SDK_Export/backlitLCD_Demo_bsp/microblaze_0/libsrc/intc_v3_0/src'
Running Make libs in microblaze_0/libsrc/standalone_v4_0/src
make -C microblaze_0/libsrc/standalone_v4_0/src -s libs -e "SHELL=/bin/sh" "COMPILER=mb-gcc" "ARCHIVER=mb-ar" "COMPILER_FLAGS= -O2 -c -mcpu=v9.3 -mlittle-endian -mxl-soft-mul" "EXTRA_COMPILER_FLAGS=-g -ffunction-sections -fdata-sections"
Compiling standalone
Running Make libs in microblaze_0/libsrc/tmrctr_v3_0/src
make -C microblaze_0/libsrc/tmrctr_v3_0/src -s libs -e "SHELL=/bin/sh" "COMPILER=mb-gcc" "ARCHIVER=mb-ar" "COMPILER_FLAGS= -O2 -c -mcpu=v9.3 -mlittle-endian -mxl-soft-mul" "EXTRA_COMPILER_FLAGS=-g -ffunction-sections -fdata-sections"
Compiling tmrctr
make[2]: Entering directory `/home/carrie/git/backlit-lcd-vivado-xsdk/backlitNibble.sdk/SDK/SDK_Export/backlitLCD_Demo_bsp/microblaze_0/libsrc/tmrctr_v3_0/src'
rm -rf *.o 
make[2]: Leaving directory `/home/carrie/git/backlit-lcd-vivado-xsdk/backlitNibble.sdk/SDK/SDK_Export/backlitLCD_Demo_bsp/microblaze_0/libsrc/tmrctr_v3_0/src'
Running Make libs in microblaze_0/libsrc/uartlite_v3_0/src
make -C microblaze_0/libsrc/uartlite_v3_0/src -s libs -e "SHELL=/bin/sh" "COMPILER=mb-gcc" "ARCHIVER=mb-ar" "COMPILER_FLAGS= -O2 -c -mcpu=v9.3 -mlittle-endian -mxl-soft-mul" "EXTRA_COMPILER_FLAGS=-g -ffunction-sections -fdata-sections"
Compiling uartlite
make[2]: Entering directory `/home/carrie/git/backlit-lcd-vivado-xsdk/backlitNibble.sdk/SDK/SDK_Export/backlitLCD_Demo_bsp/microblaze_0/libsrc/uartlite_v3_0/src'
rm -rf *.o 
make[2]: Leaving directory `/home/carrie/git/backlit-lcd-vivado-xsdk/backlitNibble.sdk/SDK/SDK_Export/backlitLCD_Demo_bsp/microblaze_0/libsrc/uartlite_v3_0/src'
Finished building libraries
00:08:17 **** Auto Build of configuration Release for project backlitLCD_Demo ****
make all 
make: Nothing to be done for `all'.
00:08:24 **** Incremental Build of configuration Release for project backlitLCD_Demo ****
make all 
make: Nothing to be done for `all'.
